[2026-08-17T02:46:37.914Z] MemoryForge: attached 5 listener(s)
[2026-08-17T02:46:37.915Z] InitialReadForge: armed one-shot BeforeSend after NewSessionStart
[2026-08-17T02:46:37.916Z] LiveUpdateForge: session reset, allowLiveUpdate = false
[2026-08-17T02:46:40.004Z] MemoryForge: attached 5 listener(s)
[2026-08-17T02:46:40.004Z] InitialReadForge: armed one-shot BeforeSend after NewSessionStart
[2026-08-17T02:46:40.005Z] LiveUpdateForge: session reset, allowLiveUpdate = false
[2026-08-17T02:47:39.060Z] MemoryForge: attached 5 listener(s)
[2026-08-17T02:47:39.061Z] InitialReadForge: armed one-shot BeforeSend after NewSessionStart
[2026-08-17T02:47:39.063Z] LiveUpdateForge: session reset, allowLiveUpdate = false
[2026-08-17T02:57:58.375Z] LiveUpdateForge: session reset, allowLiveUpdate = false
[2026-08-17T02:58:00.227Z] ResumeDiffForge: running checkResumeConsistency
[2026-08-17T02:58:00.323Z] checkResumeConsistency: forgedTimestamps=[]
[2026-08-17T02:58:02.859Z] checkResumeConsistency: no changes detected
[2026-08-17T02:58:02.860Z] LiveUpdateForge: session reset, allowLiveUpdate = false
[2026-08-17T02:58:02.861Z] NudgeForge: ResumeComplete — restoring count from history
[2026-08-17T02:58:02.862Z] restoreNudgeCountFromHistory: found nudge message at idx=948 count=40
[2026-08-17T03:11:40.354Z] MemoryForge: attached 5 listener(s)
[2026-08-17T03:11:40.354Z] InitialReadForge: armed one-shot BeforeSend after NewSessionStart
[2026-08-17T03:11:40.355Z] LiveUpdateForge: session reset, allowLiveUpdate = false
[2026-08-17T03:27:55.969Z] LiveUpdateForge: session reset, allowLiveUpdate = false
[2026-08-17T03:27:58.150Z] ResumeDiffForge: running checkResumeConsistency
[2026-08-17T03:27:58.259Z] checkResumeConsistency: forgedTimestamps=[]
[2026-08-17T03:28:02.400Z] checkResumeConsistency: no changes detected
[2026-08-17T03:28:02.419Z] LiveUpdateForge: session reset, allowLiveUpdate = false
[2026-08-17T03:28:02.420Z] NudgeForge: ResumeComplete — restoring count from history
[2026-08-17T03:28:02.490Z] restoreNudgeCountFromHistory: found nudge message at idx=948 count=40
[2026-08-17T04:54:44.820Z] MemoryForge: attached 5 listener(s)
[2026-08-17T04:54:44.850Z] InitialReadForge: armed one-shot BeforeSend after NewSessionStart
[2026-08-17T04:54:44.851Z] LiveUpdateForge: session reset, allowLiveUpdate = false
[2026-08-17T04:54:48.700Z] MemoryForge: attached 5 listener(s)
[2026-08-17T04:54:48.701Z] InitialReadForge: armed one-shot BeforeSend after NewSessionStart
[2026-08-17T04:54:48.701Z] LiveUpdateForge: session reset, allowLiveUpdate = false
[2026-08-17T04:54:49.170Z] MemoryForge: attached 5 listener(s)
[2026-08-17T04:54:49.171Z] InitialReadForge: armed one-shot BeforeSend after NewSessionStart
[2026-08-17T04:54:49.171Z] LiveUpdateForge: session reset, allowLiveUpdate = false
[2026-08-17T05:15:29.036Z] LiveUpdateForge: session reset, allowLiveUpdate = false
[2026-08-17T05:15:30.697Z] ResumeDiffForge: running checkResumeConsistency
[2026-08-17T05:15:30.893Z] checkResumeConsistency: forgedTimestamps=[]
[2026-08-17T05:15:31.749Z] checkResumeConsistency: no changes detected
[2026-08-17T05:15:31.750Z] LiveUpdateForge: session reset, allowLiveUpdate = false
[2026-08-17T05:15:31.750Z] NudgeForge: ResumeComplete — restoring count from history
[2026-08-17T05:15:31.751Z] restoreNudgeCountFromHistory: found nudge message at idx=948 count=40
[2026-08-17T05:45:13.576Z] MemoryForge: attached 5 listener(s)
[2026-08-17T05:45:13.591Z] InitialReadForge: armed one-shot BeforeSend after NewSessionStart
[2026-08-17T05:45:13.592Z] LiveUpdateForge: session reset, allowLiveUpdate = false
[2026-08-17T05:45:17.489Z] MemoryForge: attached 5 listener(s)
[2026-08-17T05:45:17.490Z] InitialReadForge: armed one-shot BeforeSend after NewSessionStart
[2026-08-17T05:45:17.490Z] LiveUpdateForge: session reset, allowLiveUpdate = false
[2026-08-17T05:45:52.288Z] MemoryForge: attached 5 listener(s)
[2026-08-17T05:45:52.289Z] InitialReadForge: armed one-shot BeforeSend after NewSessionStart
[2026-08-17T05:45:52.289Z] LiveUpdateForge: session reset, allowLiveUpdate = false
[2026-08-17T06:04:02.979Z] LiveUpdateForge: session reset, allowLiveUpdate = false
[2026-08-17T06:04:04.929Z] ResumeDiffForge: running checkResumeConsistency
[2026-08-17T06:04:05.483Z] checkResumeConsistency: forgedTimestamps=[]
[2026-08-17T06:04:12.145Z] checkResumeConsistency: no changes detected
[2026-08-17T06:04:12.145Z] LiveUpdateForge: session reset, allowLiveUpdate = false
[2026-08-17T06:04:12.145Z] NudgeForge: ResumeComplete — restoring count from history
[2026-08-17T06:04:12.147Z] restoreNudgeCountFromHistory: found nudge message at idx=948 count=40
[2026-08-17T06:21:28.018Z] MemoryForge: attached 5 listener(s)
[2026-08-17T06:21:28.018Z] InitialReadForge: armed one-shot BeforeSend after NewSessionStart
[2026-08-17T06:21:28.019Z] LiveUpdateForge: session reset, allowLiveUpdate = false
[2026-08-17T06:26:12.789Z] LiveUpdateForge: session reset, allowLiveUpdate = false
[2026-08-17T06:26:17.472Z] ResumeDiffForge: running checkResumeConsistency
[2026-08-17T06:26:18.810Z] checkResumeConsistency: forgedTimestamps=[]
[2026-08-17T06:26:27.568Z] checkResumeConsistency: no changes detected
[2026-08-17T06:26:27.569Z] LiveUpdateForge: session reset, allowLiveUpdate = false
[2026-08-17T06:26:27.569Z] NudgeForge: ResumeComplete — restoring count from history
[2026-08-17T06:26:27.653Z] restoreNudgeCountFromHistory: found nudge message at idx=948 count=40
[2026-08-17T06:32:03.856Z] MemoryForge: attached 5 listener(s)
[2026-08-17T06:32:03.857Z] InitialReadForge: armed one-shot BeforeSend after NewSessionStart
[2026-08-17T06:32:03.858Z] LiveUpdateForge: session reset, allowLiveUpdate = false
[2026-08-17T06:44:03.009Z] LiveUpdateForge: session reset, allowLiveUpdate = false
[2026-08-17T06:44:05.803Z] ResumeDiffForge: running checkResumeConsistency
[2026-08-17T06:44:05.949Z] checkResumeConsistency: forgedTimestamps=[]
[2026-08-17T06:44:10.119Z] checkResumeConsistency: no changes detected
[2026-08-17T06:44:10.417Z] LiveUpdateForge: session reset, allowLiveUpdate = false
[2026-08-17T06:44:10.634Z] NudgeForge: ResumeComplete — restoring count from history
[2026-08-17T06:44:10.636Z] restoreNudgeCountFromHistory: found nudge message at idx=948 count=40
[2026-08-17T06:45:44.825Z] ResumeDiffForge: running checkResumeConsistency
[2026-08-17T06:45:44.826Z] checkResumeConsistency: forgedTimestamps=[]
[2026-08-17T06:45:45.189Z] checkResumeConsistency: no changes detected
[2026-08-17T06:45:45.190Z] LiveUpdateForge: session reset, allowLiveUpdate = false
[2026-08-17T06:45:45.190Z] NudgeForge: ResumeComplete — restoring count from history
[2026-08-17T06:45:45.346Z] restoreNudgeCountFromHistory: found nudge message at idx=948 count=40
[2026-08-17T06:45:47.550Z] ResumeDiffForge: running checkResumeConsistency
[2026-08-17T06:45:47.551Z] checkResumeConsistency: forgedTimestamps=[]
[2026-08-17T06:45:47.803Z] checkResumeConsistency: no changes detected
[2026-08-17T06:45:48.298Z] LiveUpdateForge: session reset, allowLiveUpdate = false
[2026-08-17T06:45:48.406Z] NudgeForge: ResumeComplete — restoring count from history
[2026-08-17T06:45:48.409Z] restoreNudgeCountFromHistory: found nudge message at idx=948 count=40
[2026-08-17T06:45:50.749Z] MemoryForge: attached 5 listener(s)
[2026-08-17T06:45:51.056Z] InitialReadForge: armed one-shot BeforeSend after NewSessionStart
[2026-08-17T06:45:51.133Z] LiveUpdateForge: session reset, allowLiveUpdate = false
[2026-08-17T06:45:51.196Z] MemoryForge: detached all listeners
[2026-08-17T06:45:51.212Z] ResumeDiffForge: running checkResumeConsistency
[2026-08-17T06:45:51.331Z] checkResumeConsistency: forgedTimestamps=[]
[2026-08-17T06:45:51.647Z] checkResumeConsistency: no changes detected
[2026-08-17T06:45:51.673Z] LiveUpdateForge: session reset, allowLiveUpdate = false
[2026-08-17T06:45:51.673Z] NudgeForge: ResumeComplete — restoring count from history
[2026-08-17T06:45:51.674Z] restoreNudgeCountFromHistory: found nudge message at idx=948 count=40
[2026-08-17T06:45:52.516Z] LiveUpdateForge: allowLiveUpdate = true (first real BeforeSend)
[2026-08-17T06:45:52.531Z] InitialReadForge.onBeforeSend: SKIP (fr=false syn=false hasRead=true)
[2026-08-17T06:46:54.911Z] LiveUpdateForge: EndTurn fallback flush
[2026-08-17T06:46:54.912Z] onEndTurn: naturalStop=false toolCalls=40 nudgeMsg=no
[2026-08-17T06:47:44.295Z] LiveUpdateForge: AfterToolExec flush
[2026-08-17T06:47:44.477Z] InitialReadForge.onBeforeSend: SKIP (fr=true syn=false hasRead=true)
[2026-08-17T06:47:48.681Z] LiveUpdateForge: EndTurn fallback flush
[2026-08-17T06:47:48.681Z] onEndTurn: naturalStop=false toolCalls=41 nudgeMsg=no
[2026-08-17T06:48:55.918Z] LiveUpdateForge: AfterToolExec flush
[2026-08-17T06:48:55.971Z] InitialReadForge.onBeforeSend: SKIP (fr=true syn=false hasRead=true)
[2026-08-17T06:48:59.042Z] LiveUpdateForge: EndTurn fallback flush
[2026-08-17T06:48:59.042Z] onEndTurn: naturalStop=false toolCalls=42 nudgeMsg=no
[2026-08-17T06:49:05.105Z] LiveUpdateForge: AfterToolExec flush
[2026-08-17T06:49:05.182Z] InitialReadForge.onBeforeSend: SKIP (fr=true syn=false hasRead=true)
[2026-08-17T06:49:08.503Z] LiveUpdateForge: EndTurn fallback flush
[2026-08-17T06:49:08.504Z] onEndTurn: naturalStop=false toolCalls=43 nudgeMsg=no
[2026-08-17T06:49:12.256Z] LiveUpdateForge: AfterToolExec flush
[2026-08-17T06:49:12.305Z] InitialReadForge.onBeforeSend: SKIP (fr=true syn=false hasRead=true)
[2026-08-17T06:49:16.291Z] LiveUpdateForge: EndTurn fallback flush
[2026-08-17T06:49:16.292Z] onEndTurn: naturalStop=false toolCalls=44 nudgeMsg=no
[2026-08-17T06:49:19.526Z] LiveUpdateForge: AfterToolExec flush
[2026-08-17T06:49:19.577Z] InitialReadForge.onBeforeSend: SKIP (fr=true syn=false hasRead=true)
[2026-08-17T06:49:22.642Z] LiveUpdateForge: EndTurn fallback flush
[2026-08-17T06:49:22.642Z] onEndTurn: naturalStop=false toolCalls=45 nudgeMsg=no
[2026-08-17T06:51:46.106Z] LiveUpdateForge: AfterToolExec flush
[2026-08-17T06:51:46.151Z] InitialReadForge.onBeforeSend: SKIP (fr=true syn=false hasRead=true)
[2026-08-17T06:52:11.158Z] LiveUpdateForge: EndTurn fallback flush
[2026-08-17T06:52:11.159Z] onEndTurn: naturalStop=false toolCalls=46 nudgeMsg=no
[2026-08-17T06:52:11.207Z] LiveUpdateForge: AfterToolExec flush
[2026-08-17T06:52:11.246Z] InitialReadForge.onBeforeSend: SKIP (fr=true syn=false hasRead=true)
[2026-08-17T06:52:14.711Z] LiveUpdateForge: EndTurn fallback flush
[2026-08-17T06:52:14.711Z] onEndTurn: naturalStop=false toolCalls=47 nudgeMsg=no
[2026-08-17T06:52:18.208Z] LiveUpdateForge: AfterToolExec flush
[2026-08-17T06:52:18.254Z] InitialReadForge.onBeforeSend: SKIP (fr=true syn=false hasRead=true)
[2026-08-17T06:52:40.148Z] LiveUpdateForge: EndTurn fallback flush
[2026-08-17T06:52:40.148Z] onEndTurn: naturalStop=false toolCalls=48 nudgeMsg=no
[2026-08-17T06:52:47.016Z] LiveUpdateForge: AfterToolExec flush
[2026-08-17T06:52:47.057Z] InitialReadForge.onBeforeSend: SKIP (fr=true syn=false hasRead=true)
[2026-08-17T06:53:29.189Z] LiveUpdateForge: EndTurn fallback flush
[2026-08-17T06:53:29.190Z] onEndTurn: naturalStop=false toolCalls=49 nudgeMsg=no
[2026-08-17T06:53:35.453Z] LiveUpdateForge: AfterToolExec flush
[2026-08-17T06:53:35.515Z] InitialReadForge.onBeforeSend: SKIP (fr=true syn=false hasRead=true)
[2026-08-17T06:53:44.720Z] LiveUpdateForge: EndTurn fallback flush
[2026-08-17T06:53:44.720Z] onEndTurn: naturalStop=false toolCalls=50 nudgeMsg=no
[2026-08-17T06:53:48.289Z] LiveUpdateForge: AfterToolExec flush
[2026-08-17T06:53:48.337Z] InitialReadForge.onBeforeSend: SKIP (fr=true syn=false hasRead=true)
[2026-08-17T06:53:58.915Z] LiveUpdateForge: EndTurn fallback flush
[2026-08-17T06:53:58.915Z] onEndTurn: naturalStop=false toolCalls=51 nudgeMsg=no
[2026-08-17T06:54:13.403Z] LiveUpdateForge: AfterToolExec flush
[2026-08-17T06:54:13.452Z] InitialReadForge.onBeforeSend: SKIP (fr=true syn=false hasRead=true)
[2026-08-17T06:54:22.366Z] LiveUpdateForge: EndTurn fallback flush
[2026-08-17T06:54:22.367Z] onEndTurn: naturalStop=false toolCalls=52 nudgeMsg=no
[2026-08-17T06:54:31.544Z] LiveUpdateForge: AfterToolExec flush
[2026-08-17T06:54:31.593Z] InitialReadForge.onBeforeSend: SKIP (fr=true syn=false hasRead=true)
[2026-08-17T06:55:05.650Z] LiveUpdateForge: EndTurn fallback flush
[2026-08-17T06:55:05.651Z] onEndTurn: naturalStop=false toolCalls=53 nudgeMsg=no
[2026-08-17T06:55:05.847Z] LiveUpdateForge: AfterToolExec flush
[2026-08-17T06:55:05.884Z] InitialReadForge.onBeforeSend: SKIP (fr=true syn=false hasRead=true)
[2026-08-17T06:55:23.617Z] LiveUpdateForge: EndTurn fallback flush
[2026-08-17T06:55:23.618Z] onEndTurn: naturalStop=false toolCalls=54 nudgeMsg=no
[2026-08-17T06:55:26.535Z] LiveUpdateForge: AfterToolExec flush
[2026-08-17T06:55:26.583Z] InitialReadForge.onBeforeSend: SKIP (fr=true syn=false hasRead=true)
[2026-08-17T06:55:37.729Z] LiveUpdateForge: EndTurn fallback flush
[2026-08-17T06:55:37.729Z] onEndTurn: naturalStop=false toolCalls=55 nudgeMsg=no
[2026-08-17T06:55:40.103Z] LiveUpdateForge: AfterToolExec flush
[2026-08-17T06:55:40.144Z] InitialReadForge.onBeforeSend: SKIP (fr=true syn=false hasRead=true)
[2026-08-17T06:55:50.226Z] LiveUpdateForge: EndTurn fallback flush
[2026-08-17T06:55:50.226Z] onEndTurn: naturalStop=false toolCalls=56 nudgeMsg=no
[2026-08-17T06:55:50.510Z] LiveUpdateForge: AfterToolExec flush
[2026-08-17T06:55:50.550Z] InitialReadForge.onBeforeSend: SKIP (fr=true syn=false hasRead=true)
[2026-08-17T06:56:02.184Z] LiveUpdateForge: EndTurn fallback flush
[2026-08-17T06:56:02.184Z] onEndTurn: naturalStop=false toolCalls=57 nudgeMsg=no
[2026-08-17T06:56:02.472Z] LiveUpdateForge: AfterToolExec flush
[2026-08-17T06:56:02.513Z] InitialReadForge.onBeforeSend: SKIP (fr=true syn=false hasRead=true)
[2026-08-17T06:56:17.557Z] LiveUpdateForge: EndTurn fallback flush
[2026-08-17T06:56:17.557Z] onEndTurn: naturalStop=false toolCalls=58 nudgeMsg=no
[2026-08-17T06:56:17.857Z] LiveUpdateForge: AfterToolExec flush
[2026-08-17T06:56:17.895Z] InitialReadForge.onBeforeSend: SKIP (fr=true syn=false hasRead=true)
[2026-08-17T06:56:32.562Z] LiveUpdateForge: EndTurn fallback flush
[2026-08-17T06:56:32.562Z] onEndTurn: naturalStop=false toolCalls=59 nudgeMsg=no
[2026-08-17T06:56:32.579Z] LiveUpdateForge: AfterToolExec flush
[2026-08-17T06:56:32.618Z] InitialReadForge.onBeforeSend: SKIP (fr=true syn=false hasRead=true)
[2026-08-17T06:56:44.714Z] LiveUpdateForge: EndTurn fallback flush
[2026-08-17T06:56:44.715Z] onEndTurn: naturalStop=false toolCalls=60 nudgeMsg=no
[2026-08-17T06:56:46.982Z] LiveUpdateForge: AfterToolExec flush
[2026-08-17T06:56:47.027Z] InitialReadForge.onBeforeSend: SKIP (fr=true syn=false hasRead=true)
[2026-08-17T06:57:12.555Z] LiveUpdateForge: EndTurn fallback flush
[2026-08-17T06:57:12.555Z] onEndTurn: naturalStop=false toolCalls=61 nudgeMsg=no
[2026-08-17T06:57:12.564Z] LiveUpdateForge: AfterToolExec flush
[2026-08-17T06:57:12.624Z] InitialReadForge.onBeforeSend: SKIP (fr=true syn=false hasRead=true)
[2026-08-17T06:57:37.139Z] LiveUpdateForge: EndTurn fallback flush
[2026-08-17T06:57:37.139Z] onEndTurn: naturalStop=false toolCalls=62 nudgeMsg=no
[2026-08-17T06:57:37.264Z] LiveUpdateForge: AfterToolExec flush
[2026-08-17T06:57:37.306Z] InitialReadForge.onBeforeSend: SKIP (fr=true syn=false hasRead=true)
[2026-08-17T06:57:47.419Z] LiveUpdateForge: EndTurn fallback flush
[2026-08-17T06:57:47.420Z] onEndTurn: naturalStop=false toolCalls=63 nudgeMsg=no
[2026-08-17T06:57:47.432Z] LiveUpdateForge: AfterToolExec flush
[2026-08-17T06:57:47.485Z] InitialReadForge.onBeforeSend: SKIP (fr=true syn=false hasRead=true)
[2026-08-17T06:57:51.509Z] LiveUpdateForge: EndTurn fallback flush
[2026-08-17T06:57:51.510Z] onEndTurn: naturalStop=false toolCalls=64 nudgeMsg=no
[2026-08-17T06:57:51.710Z] LiveUpdateForge: AfterToolExec flush
[2026-08-17T06:57:51.749Z] InitialReadForge.onBeforeSend: SKIP (fr=true syn=false hasRead=true)
[2026-08-17T06:58:01.747Z] LiveUpdateForge: EndTurn fallback flush
[2026-08-17T06:58:01.747Z] onEndTurn: naturalStop=false toolCalls=65 nudgeMsg=no
[2026-08-17T06:58:02.035Z] LiveUpdateForge: AfterToolExec flush
[2026-08-17T06:58:02.070Z] InitialReadForge.onBeforeSend: SKIP (fr=true syn=false hasRead=true)
[2026-08-17T06:58:13.254Z] LiveUpdateForge: EndTurn fallback flush
[2026-08-17T06:58:13.254Z] onEndTurn: naturalStop=false toolCalls=66 nudgeMsg=no
[2026-08-17T06:58:13.264Z] LiveUpdateForge: AfterToolExec flush
[2026-08-17T06:58:13.308Z] InitialReadForge.onBeforeSend: SKIP (fr=true syn=false hasRead=true)
[2026-08-17T06:58:17.537Z] LiveUpdateForge: EndTurn fallback flush
[2026-08-17T06:58:17.538Z] onEndTurn: naturalStop=false toolCalls=67 nudgeMsg=no
[2026-08-17T06:58:17.645Z] LiveUpdateForge: AfterToolExec flush
[2026-08-17T06:58:17.686Z] InitialReadForge.onBeforeSend: SKIP (fr=true syn=false hasRead=true)
[2026-08-17T06:58:20.613Z] LiveUpdateForge: EndTurn fallback flush
[2026-08-17T06:58:20.613Z] onEndTurn: naturalStop=false toolCalls=68 nudgeMsg=no
[2026-08-17T06:58:20.628Z] LiveUpdateForge: AfterToolExec flush
[2026-08-17T06:58:20.678Z] InitialReadForge.onBeforeSend: SKIP (fr=true syn=false hasRead=true)
[2026-08-17T06:58:52.707Z] LiveUpdateForge: EndTurn fallback flush
[2026-08-17T06:58:52.707Z] onEndTurn: naturalStop=false toolCalls=69 nudgeMsg=no
[2026-08-17T06:58:53.047Z] LiveUpdateForge: AfterToolExec flush
[2026-08-17T06:58:53.100Z] InitialReadForge.onBeforeSend: SKIP (fr=true syn=false hasRead=true)
[2026-08-17T06:58:57.235Z] LiveUpdateForge: EndTurn fallback flush
[2026-08-17T06:58:57.236Z] onEndTurn: naturalStop=false toolCalls=70 nudgeMsg=no
[2026-08-17T06:58:57.335Z] LiveUpdateForge: AfterToolExec flush
[2026-08-17T06:58:57.377Z] InitialReadForge.onBeforeSend: SKIP (fr=true syn=false hasRead=true)
[2026-08-17T06:59:00.794Z] LiveUpdateForge: EndTurn fallback flush
[2026-08-17T06:59:00.795Z] onEndTurn: naturalStop=false toolCalls=71 nudgeMsg=no
[2026-08-17T06:59:00.824Z] LiveUpdateForge: AfterToolExec flush
[2026-08-17T06:59:00.865Z] InitialReadForge.onBeforeSend: SKIP (fr=true syn=false hasRead=true)
[2026-08-17T06:59:04.594Z] LiveUpdateForge: EndTurn fallback flush
[2026-08-17T06:59:04.595Z] onEndTurn: naturalStop=false toolCalls=72 nudgeMsg=no
[2026-08-17T06:59:36.262Z] LiveUpdateForge: AfterToolExec flush
[2026-08-17T06:59:36.317Z] InitialReadForge.onBeforeSend: SKIP (fr=true syn=false hasRead=true)
[2026-08-17T07:00:25.533Z] LiveUpdateForge: EndTurn fallback flush
[2026-08-17T07:00:25.534Z] onEndTurn: naturalStop=false toolCalls=73 nudgeMsg=no
[2026-08-17T07:00:25.586Z] LiveUpdateForge: AfterToolExec flush
[2026-08-17T07:00:25.630Z] InitialReadForge.onBeforeSend: SKIP (fr=true syn=false hasRead=true)
[2026-08-17T07:00:34.336Z] LiveUpdateForge: EndTurn fallback flush
[2026-08-17T07:00:34.337Z] onEndTurn: naturalStop=true toolCalls=0 nudgeMsg=YES
[2026-08-17T07:00:34.343Z] InitialReadForge.onBeforeSend: SKIP (fr=false syn=false hasRead=true)
[2026-08-17T07:00:56.217Z] LiveUpdateForge: EndTurn fallback flush
[2026-08-17T07:00:56.218Z] onEndTurn: naturalStop=false toolCalls=0 nudgeMsg=no
[2026-08-17T07:00:56.290Z] LiveUpdateForge: self-write on D:\unity\demo\CODELY.md, baseline aligned
[2026-08-17T07:00:56.292Z] LiveUpdateForge: AfterToolExec flush
[2026-08-17T07:00:56.385Z] InitialReadForge.onBeforeSend: SKIP (fr=true syn=false hasRead=true)
[2026-08-17T07:00:56.947Z] LiveUpdateForge: pending external change on D:\unity\demo\CODELY.md
[2026-08-17T07:01:04.488Z] LiveUpdateForge: EndTurn fallback flush
[2026-08-17T07:01:04.489Z] onEndTurn: naturalStop=true toolCalls=0 nudgeMsg=no
[2026-08-17T07:01:06.099Z] InitialReadForge.onBeforeSend: SKIP (fr=false syn=false hasRead=true)
[2026-08-17T07:01:10.920Z] LiveUpdateForge: EndTurn fallback flush
[2026-08-17T07:01:10.921Z] onEndTurn: naturalStop=false toolCalls=0 nudgeMsg=no
[2026-08-17T07:01:10.951Z] LiveUpdateForge: AfterToolExec flush
[2026-08-17T07:01:10.960Z] nudge: read_memory called (does NOT reset counter)
[2026-08-17T07:01:16.353Z] LiveUpdateForge: EndTurn fallback flush
[2026-08-17T07:01:16.354Z] onEndTurn: naturalStop=false toolCalls=1 nudgeMsg=no
[2026-08-17T07:01:16.849Z] LiveUpdateForge: AfterToolExec flush
[2026-08-17T07:01:20.538Z] LiveUpdateForge: EndTurn fallback flush
[2026-08-17T07:01:20.538Z] onEndTurn: naturalStop=false toolCalls=2 nudgeMsg=no
[2026-08-17T07:01:20.583Z] LiveUpdateForge: AfterToolExec flush
[2026-08-17T07:01:24.491Z] LiveUpdateForge: EndTurn fallback flush
[2026-08-17T07:01:24.492Z] onEndTurn: naturalStop=false toolCalls=3 nudgeMsg=no
[2026-08-17T07:01:24.509Z] LiveUpdateForge: AfterToolExec flush
[2026-08-17T07:01:28.215Z] LiveUpdateForge: EndTurn fallback flush
[2026-08-17T07:01:28.223Z] onEndTurn: naturalStop=false toolCalls=4 nudgeMsg=no
[2026-08-17T07:01:28.243Z] LiveUpdateForge: AfterToolExec flush
[2026-08-17T07:01:34.153Z] LiveUpdateForge: EndTurn fallback flush
[2026-08-17T07:01:34.154Z] onEndTurn: naturalStop=false toolCalls=5 nudgeMsg=no
[2026-08-17T07:01:34.338Z] LiveUpdateForge: AfterToolExec flush
[2026-08-17T07:01:38.875Z] LiveUpdateForge: EndTurn fallback flush
[2026-08-17T07:01:38.875Z] onEndTurn: naturalStop=false toolCalls=6 nudgeMsg=no
[2026-08-17T07:01:38.948Z] LiveUpdateForge: AfterToolExec flush
[2026-08-17T07:01:42.211Z] LiveUpdateForge: EndTurn fallback flush
[2026-08-17T07:01:42.212Z] onEndTurn: naturalStop=false toolCalls=7 nudgeMsg=no
[2026-08-17T07:01:51.170Z] LiveUpdateForge: AfterToolExec flush
[2026-08-17T07:01:54.684Z] LiveUpdateForge: EndTurn fallback flush
[2026-08-17T07:01:54.685Z] onEndTurn: naturalStop=false toolCalls=8 nudgeMsg=no
[2026-08-17T07:02:04.907Z] LiveUpdateForge: AfterToolExec flush
[2026-08-17T07:02:08.532Z] LiveUpdateForge: EndTurn fallback flush
[2026-08-17T07:02:08.533Z] onEndTurn: naturalStop=false toolCalls=9 nudgeMsg=no
[2026-08-17T07:02:08.972Z] LiveUpdateForge: AfterToolExec flush
[2026-08-17T07:02:13.095Z] LiveUpdateForge: EndTurn fallback flush
[2026-08-17T07:02:13.096Z] onEndTurn: naturalStop=false toolCalls=10 nudgeMsg=no
[2026-08-17T07:02:22.389Z] LiveUpdateForge: AfterToolExec flush
[2026-08-17T07:02:31.747Z] LiveUpdateForge: EndTurn fallback flush
[2026-08-17T07:02:31.748Z] onEndTurn: naturalStop=false toolCalls=11 nudgeMsg=no
[2026-08-17T07:02:32.425Z] LiveUpdateForge: AfterToolExec flush
[2026-08-17T07:02:37.712Z] LiveUpdateForge: EndTurn fallback flush
[2026-08-17T07:02:37.713Z] onEndTurn: naturalStop=true toolCalls=12 nudgeMsg=no
[2026-08-17T07:03:17.269Z] ResumeDiffForge: running checkResumeConsistency
[2026-08-17T07:03:17.270Z] checkResumeConsistency: forgedTimestamps=[["project","1970-01-01T00:00:00.000Z"]]
[2026-08-17T07:03:17.292Z] checkResumeConsistency: no changes detected
[2026-08-17T07:03:17.293Z] LiveUpdateForge: session reset, allowLiveUpdate = false
[2026-08-17T07:03:17.293Z] NudgeForge: ResumeComplete — restoring count from history
[2026-08-17T07:03:17.294Z] restoreNudgeCountFromHistory: found last write at idx=1110 count=12
[2026-08-17T07:03:17.398Z] LiveUpdateForge: allowLiveUpdate = true (first real BeforeSend)
[2026-08-17T07:03:24.836Z] LiveUpdateForge: EndTurn fallback flush
[2026-08-17T07:03:24.837Z] onEndTurn: naturalStop=false toolCalls=12 nudgeMsg=no
[2026-08-17T07:03:32.223Z] LiveUpdateForge: AfterToolExec flush
[2026-08-17T07:03:47.428Z] LiveUpdateForge: EndTurn fallback flush
[2026-08-17T07:03:47.429Z] onEndTurn: naturalStop=false toolCalls=13 nudgeMsg=no
[2026-08-17T07:03:47.727Z] LiveUpdateForge: AfterToolExec flush
[2026-08-17T07:03:50.730Z] LiveUpdateForge: EndTurn fallback flush
[2026-08-17T07:03:50.731Z] onEndTurn: naturalStop=false toolCalls=14 nudgeMsg=no
[2026-08-17T07:03:51.055Z] LiveUpdateForge: AfterToolExec flush
[2026-08-17T07:03:55.479Z] LiveUpdateForge: EndTurn fallback flush
[2026-08-17T07:03:55.480Z] onEndTurn: naturalStop=false toolCalls=15 nudgeMsg=no
[2026-08-17T07:03:55.811Z] LiveUpdateForge: AfterToolExec flush
[2026-08-17T07:04:01.371Z] LiveUpdateForge: EndTurn fallback flush
[2026-08-17T07:04:01.371Z] onEndTurn: naturalStop=false toolCalls=16 nudgeMsg=no
[2026-08-17T07:04:01.379Z] LiveUpdateForge: AfterToolExec flush
[2026-08-17T07:04:08.889Z] LiveUpdateForge: EndTurn fallback flush
[2026-08-17T07:04:08.889Z] onEndTurn: naturalStop=false toolCalls=17 nudgeMsg=no
[2026-08-17T07:04:08.903Z] LiveUpdateForge: AfterToolExec flush
[2026-08-17T07:04:12.013Z] LiveUpdateForge: EndTurn fallback flush
[2026-08-17T07:04:12.013Z] onEndTurn: naturalStop=false toolCalls=18 nudgeMsg=no
[2026-08-17T07:04:12.029Z] LiveUpdateForge: AfterToolExec flush
[2026-08-17T07:04:16.248Z] LiveUpdateForge: EndTurn fallback flush
[2026-08-17T07:04:16.249Z] onEndTurn: naturalStop=false toolCalls=19 nudgeMsg=no
[2026-08-17T07:04:16.261Z] LiveUpdateForge: AfterToolExec flush
[2026-08-17T07:04:19.823Z] LiveUpdateForge: EndTurn fallback flush
[2026-08-17T07:04:19.823Z] onEndTurn: naturalStop=false toolCalls=20 nudgeMsg=no
[2026-08-17T07:04:20.189Z] LiveUpdateForge: AfterToolExec flush
[2026-08-17T07:04:24.120Z] LiveUpdateForge: EndTurn fallback flush
[2026-08-17T07:04:24.120Z] onEndTurn: naturalStop=false toolCalls=21 nudgeMsg=no
[2026-08-17T07:04:24.133Z] LiveUpdateForge: AfterToolExec flush
[2026-08-17T07:04:27.113Z] LiveUpdateForge: EndTurn fallback flush
[2026-08-17T07:04:27.113Z] onEndTurn: naturalStop=false toolCalls=22 nudgeMsg=no
[2026-08-17T07:04:27.417Z] LiveUpdateForge: AfterToolExec flush
[2026-08-17T07:04:30.452Z] LiveUpdateForge: EndTurn fallback flush
[2026-08-17T07:04:30.452Z] onEndTurn: naturalStop=false toolCalls=23 nudgeMsg=no
[2026-08-17T07:04:30.801Z] LiveUpdateForge: AfterToolExec flush
[2026-08-17T07:04:34.438Z] LiveUpdateForge: EndTurn fallback flush
[2026-08-17T07:04:34.438Z] onEndTurn: naturalStop=false toolCalls=24 nudgeMsg=no
[2026-08-17T07:04:34.450Z] LiveUpdateForge: AfterToolExec flush
[2026-08-17T07:04:43.258Z] LiveUpdateForge: EndTurn fallback flush
[2026-08-17T07:04:43.259Z] onEndTurn: naturalStop=false toolCalls=25 nudgeMsg=no
[2026-08-17T07:04:43.394Z] LiveUpdateForge: AfterToolExec flush
[2026-08-17T07:04:46.813Z] LiveUpdateForge: EndTurn fallback flush
[2026-08-17T07:04:46.813Z] onEndTurn: naturalStop=false toolCalls=26 nudgeMsg=no
[2026-08-17T07:04:46.982Z] LiveUpdateForge: AfterToolExec flush
[2026-08-17T07:04:56.267Z] LiveUpdateForge: EndTurn fallback flush
[2026-08-17T07:04:56.267Z] onEndTurn: naturalStop=false toolCalls=27 nudgeMsg=no
[2026-08-17T07:04:56.847Z] LiveUpdateForge: AfterToolExec flush
[2026-08-17T07:05:00.638Z] LiveUpdateForge: EndTurn fallback flush
[2026-08-17T07:05:00.639Z] onEndTurn: naturalStop=false toolCalls=28 nudgeMsg=no
[2026-08-17T07:05:00.652Z] LiveUpdateForge: AfterToolExec flush
[2026-08-17T07:05:06.075Z] LiveUpdateForge: EndTurn fallback flush
[2026-08-17T07:05:06.076Z] onEndTurn: naturalStop=false toolCalls=29 nudgeMsg=no
[2026-08-17T07:05:08.661Z] LiveUpdateForge: AfterToolExec flush
[2026-08-17T07:05:12.637Z] LiveUpdateForge: EndTurn fallback flush
[2026-08-17T07:05:12.637Z] onEndTurn: naturalStop=false toolCalls=30 nudgeMsg=no
[2026-08-17T07:05:15.829Z] LiveUpdateForge: AfterToolExec flush
[2026-08-17T07:05:20.047Z] LiveUpdateForge: EndTurn fallback flush
[2026-08-17T07:05:20.048Z] onEndTurn: naturalStop=false toolCalls=31 nudgeMsg=no
[2026-08-17T07:05:20.082Z] LiveUpdateForge: AfterToolExec flush
[2026-08-17T07:05:22.987Z] LiveUpdateForge: EndTurn fallback flush
[2026-08-17T07:05:22.987Z] onEndTurn: naturalStop=false toolCalls=32 nudgeMsg=no
[2026-08-17T07:05:41.484Z] LiveUpdateForge: AfterToolExec flush
[2026-08-17T07:05:44.935Z] LiveUpdateForge: EndTurn fallback flush
[2026-08-17T07:05:44.936Z] onEndTurn: naturalStop=false toolCalls=33 nudgeMsg=no
[2026-08-17T07:05:44.979Z] LiveUpdateForge: AfterToolExec flush
[2026-08-17T07:05:50.649Z] LiveUpdateForge: EndTurn fallback flush
[2026-08-17T07:05:50.650Z] onEndTurn: naturalStop=true toolCalls=34 nudgeMsg=no
[2026-08-17T07:06:09.827Z] ResumeDiffForge: running checkResumeConsistency
[2026-08-17T07:06:09.829Z] checkResumeConsistency: forgedTimestamps=[["project","1970-01-01T00:00:00.000Z"]]
[2026-08-17T07:06:09.847Z] checkResumeConsistency: no changes detected
[2026-08-17T07:06:09.847Z] LiveUpdateForge: session reset, allowLiveUpdate = false
[2026-08-17T07:06:09.848Z] NudgeForge: ResumeComplete — restoring count from history
[2026-08-17T07:06:09.849Z] restoreNudgeCountFromHistory: found last write at idx=1110 count=34
[2026-08-17T07:06:09.951Z] LiveUpdateForge: allowLiveUpdate = true (first real BeforeSend)
[2026-08-17T07:06:13.770Z] LiveUpdateForge: EndTurn fallback flush
[2026-08-17T07:06:13.771Z] onEndTurn: naturalStop=false toolCalls=34 nudgeMsg=no
[2026-08-17T07:06:21.668Z] LiveUpdateForge: AfterToolExec flush
[2026-08-17T07:06:25.636Z] LiveUpdateForge: EndTurn fallback flush
[2026-08-17T07:06:25.637Z] onEndTurn: naturalStop=false toolCalls=35 nudgeMsg=no
[2026-08-17T07:06:25.955Z] LiveUpdateForge: AfterToolExec flush
[2026-08-17T07:06:29.132Z] LiveUpdateForge: EndTurn fallback flush
[2026-08-17T07:06:29.132Z] onEndTurn: naturalStop=false toolCalls=36 nudgeMsg=no
[2026-08-17T07:06:29.145Z] LiveUpdateForge: AfterToolExec flush
[2026-08-17T07:06:32.884Z] LiveUpdateForge: EndTurn fallback flush
[2026-08-17T07:06:32.885Z] onEndTurn: naturalStop=false toolCalls=37 nudgeMsg=no
[2026-08-17T07:06:32.897Z] LiveUpdateForge: AfterToolExec flush
[2026-08-17T07:06:36.981Z] LiveUpdateForge: EndTurn fallback flush
[2026-08-17T07:06:36.981Z] onEndTurn: naturalStop=false toolCalls=38 nudgeMsg=no
[2026-08-17T07:06:37.014Z] LiveUpdateForge: AfterToolExec flush
[2026-08-17T07:06:42.392Z] LiveUpdateForge: EndTurn fallback flush
[2026-08-17T07:06:42.393Z] onEndTurn: naturalStop=false toolCalls=39 nudgeMsg=no
[2026-08-17T07:06:48.936Z] LiveUpdateForge: AfterToolExec flush
[2026-08-17T07:06:55.262Z] LiveUpdateForge: EndTurn fallback flush
[2026-08-17T07:06:55.263Z] onEndTurn: naturalStop=true toolCalls=40 nudgeMsg=no
[2026-08-17T07:08:49.333Z] ResumeDiffForge: running checkResumeConsistency
[2026-08-17T07:08:49.333Z] checkResumeConsistency: forgedTimestamps=[["project","1970-01-01T00:00:00.000Z"]]
[2026-08-17T07:08:49.347Z] checkResumeConsistency: no changes detected
[2026-08-17T07:08:49.348Z] LiveUpdateForge: session reset, allowLiveUpdate = false
[2026-08-17T07:08:49.348Z] NudgeForge: ResumeComplete — restoring count from history
[2026-08-17T07:08:49.349Z] restoreNudgeCountFromHistory: found last write at idx=1110 count=40
[2026-08-17T07:08:49.441Z] LiveUpdateForge: allowLiveUpdate = true (first real BeforeSend)
[2026-08-17T07:08:56.566Z] LiveUpdateForge: EndTurn fallback flush
[2026-08-17T07:08:56.567Z] onEndTurn: naturalStop=false toolCalls=40 nudgeMsg=no
[2026-08-17T07:09:03.167Z] LiveUpdateForge: AfterToolExec flush
[2026-08-17T07:09:09.071Z] LiveUpdateForge: EndTurn fallback flush
[2026-08-17T07:09:09.072Z] onEndTurn: naturalStop=false toolCalls=41 nudgeMsg=no
[2026-08-17T07:09:12.127Z] LiveUpdateForge: AfterToolExec flush
[2026-08-17T07:09:15.140Z] LiveUpdateForge: EndTurn fallback flush
[2026-08-17T07:09:15.140Z] onEndTurn: naturalStop=false toolCalls=42 nudgeMsg=no
[2026-08-17T07:09:15.534Z] LiveUpdateForge: AfterToolExec flush
[2026-08-17T07:09:19.344Z] LiveUpdateForge: EndTurn fallback flush
[2026-08-17T07:09:19.344Z] onEndTurn: naturalStop=false toolCalls=43 nudgeMsg=no
[2026-08-17T07:09:19.728Z] LiveUpdateForge: AfterToolExec flush
[2026-08-17T07:09:22.996Z] LiveUpdateForge: EndTurn fallback flush
[2026-08-17T07:09:22.997Z] onEndTurn: naturalStop=false toolCalls=44 nudgeMsg=no
[2026-08-17T07:09:23.403Z] LiveUpdateForge: AfterToolExec flush
[2026-08-17T07:09:26.768Z] LiveUpdateForge: EndTurn fallback flush
[2026-08-17T07:09:26.769Z] onEndTurn: naturalStop=false toolCalls=45 nudgeMsg=no
[2026-08-17T07:09:26.783Z] LiveUpdateForge: AfterToolExec flush
[2026-08-17T07:09:31.819Z] LiveUpdateForge: EndTurn fallback flush
[2026-08-17T07:09:31.820Z] onEndTurn: naturalStop=false toolCalls=46 nudgeMsg=no
[2026-08-17T07:09:32.200Z] LiveUpdateForge: AfterToolExec flush
[2026-08-17T07:10:26.290Z] LiveUpdateForge: EndTurn fallback flush
[2026-08-17T07:10:26.290Z] onEndTurn: naturalStop=false toolCalls=47 nudgeMsg=no
[2026-08-17T07:10:30.418Z] LiveUpdateForge: AfterToolExec flush
[2026-08-17T07:10:36.690Z] LiveUpdateForge: EndTurn fallback flush
[2026-08-17T07:10:36.691Z] onEndTurn: naturalStop=false toolCalls=48 nudgeMsg=no
[2026-08-17T07:10:40.212Z] LiveUpdateForge: AfterToolExec flush
[2026-08-17T07:10:54.209Z] LiveUpdateForge: EndTurn fallback flush
[2026-08-17T07:10:54.209Z] onEndTurn: naturalStop=false toolCalls=49 nudgeMsg=no
[2026-08-17T07:10:54.625Z] LiveUpdateForge: AfterToolExec flush
[2026-08-17T07:10:58.855Z] LiveUpdateForge: EndTurn fallback flush
[2026-08-17T07:10:58.856Z] onEndTurn: naturalStop=false toolCalls=50 nudgeMsg=no
[2026-08-17T07:10:59.256Z] LiveUpdateForge: AfterToolExec flush
[2026-08-17T07:11:21.684Z] LiveUpdateForge: EndTurn fallback flush
[2026-08-17T07:11:21.684Z] onEndTurn: naturalStop=false toolCalls=51 nudgeMsg=no
[2026-08-17T07:11:22.072Z] LiveUpdateForge: AfterToolExec flush
[2026-08-17T07:11:30.220Z] LiveUpdateForge: EndTurn fallback flush
[2026-08-17T07:11:30.221Z] onEndTurn: naturalStop=false toolCalls=52 nudgeMsg=no
[2026-08-17T07:11:30.519Z] LiveUpdateForge: AfterToolExec flush
[2026-08-17T07:11:35.223Z] LiveUpdateForge: EndTurn fallback flush
[2026-08-17T07:11:35.223Z] onEndTurn: naturalStop=false toolCalls=53 nudgeMsg=no
[2026-08-17T07:11:35.415Z] LiveUpdateForge: AfterToolExec flush
[2026-08-17T07:11:38.808Z] LiveUpdateForge: EndTurn fallback flush
[2026-08-17T07:11:38.809Z] onEndTurn: naturalStop=false toolCalls=54 nudgeMsg=no
[2026-08-17T07:11:45.083Z] LiveUpdateForge: AfterToolExec flush
[2026-08-17T07:11:49.243Z] LiveUpdateForge: EndTurn fallback flush
[2026-08-17T07:11:49.244Z] onEndTurn: naturalStop=false toolCalls=55 nudgeMsg=no
[2026-08-17T07:11:49.654Z] LiveUpdateForge: AfterToolExec flush
[2026-08-17T07:11:52.828Z] LiveUpdateForge: EndTurn fallback flush
[2026-08-17T07:11:52.828Z] onEndTurn: naturalStop=false toolCalls=56 nudgeMsg=no
[2026-08-17T07:11:52.856Z] LiveUpdateForge: AfterToolExec flush
[2026-08-17T07:11:58.289Z] LiveUpdateForge: EndTurn fallback flush
[2026-08-17T07:11:58.289Z] onEndTurn: naturalStop=false toolCalls=57 nudgeMsg=no
[2026-08-17T07:11:58.340Z] LiveUpdateForge: AfterToolExec flush
[2026-08-17T07:12:13.501Z] LiveUpdateForge: EndTurn fallback flush
[2026-08-17T07:12:13.502Z] onEndTurn: naturalStop=false toolCalls=58 nudgeMsg=no
[2026-08-17T07:12:13.899Z] LiveUpdateForge: AfterToolExec flush
[2026-08-17T07:12:17.778Z] LiveUpdateForge: EndTurn fallback flush
[2026-08-17T07:12:17.779Z] onEndTurn: naturalStop=false toolCalls=59 nudgeMsg=no
[2026-08-17T07:12:17.813Z] LiveUpdateForge: AfterToolExec flush
[2026-08-17T07:12:21.438Z] LiveUpdateForge: EndTurn fallback flush
[2026-08-17T07:12:21.439Z] onEndTurn: naturalStop=false toolCalls=60 nudgeMsg=no
[2026-08-17T07:12:25.503Z] LiveUpdateForge: AfterToolExec flush
[2026-08-17T07:12:28.743Z] LiveUpdateForge: EndTurn fallback flush
[2026-08-17T07:12:28.743Z] onEndTurn: naturalStop=false toolCalls=61 nudgeMsg=no
[2026-08-17T07:12:28.756Z] LiveUpdateForge: AfterToolExec flush
[2026-08-17T07:12:36.381Z] LiveUpdateForge: EndTurn fallback flush
[2026-08-17T07:12:36.381Z] onEndTurn: naturalStop=false toolCalls=62 nudgeMsg=no
[2026-08-17T07:12:39.374Z] LiveUpdateForge: AfterToolExec flush
[2026-08-17T07:12:47.241Z] LiveUpdateForge: EndTurn fallback flush
[2026-08-17T07:12:47.242Z] onEndTurn: naturalStop=false toolCalls=63 nudgeMsg=no
[2026-08-17T07:12:54.264Z] LiveUpdateForge: AfterToolExec flush
[2026-08-17T07:13:19.320Z] LiveUpdateForge: EndTurn fallback flush
[2026-08-17T07:13:19.321Z] onEndTurn: naturalStop=true toolCalls=0 nudgeMsg=YES
[2026-08-17T07:13:24.287Z] LiveUpdateForge: EndTurn fallback flush
[2026-08-17T07:13:24.288Z] onEndTurn: naturalStop=false toolCalls=0 nudgeMsg=no
[2026-08-17T07:13:24.315Z] LiveUpdateForge: self-write on D:\unity\demo\CODELY.md, baseline aligned
[2026-08-17T07:13:24.316Z] LiveUpdateForge: AfterToolExec flush
[2026-08-17T07:13:24.889Z] LiveUpdateForge: pending external change on D:\unity\demo\CODELY.md
[2026-08-17T07:13:28.498Z] LiveUpdateForge: EndTurn fallback flush
[2026-08-17T07:13:28.499Z] onEndTurn: naturalStop=true toolCalls=0 nudgeMsg=no
[2026-08-17T07:14:09.688Z] ResumeDiffForge: running checkResumeConsistency
[2026-08-17T07:14:09.690Z] checkResumeConsistency: forgedTimestamps=[["project","1970-01-01T00:00:00.000Z"]]
[2026-08-17T07:14:09.708Z] checkResumeConsistency: injecting 1 diff notification(s)
[2026-08-17T07:14:09.709Z] injectForgedHistory: role=user preview="[agent-auto] [memory-update 2026-08-17 15:13:24] project memory file has been mo"
[2026-08-17T07:14:09.754Z] injectForgedHistory: recordMessage persisted
[2026-08-17T07:14:09.755Z] LiveUpdateForge: session reset, allowLiveUpdate = false
[2026-08-17T07:14:09.755Z] NudgeForge: ResumeComplete — restoring count from history
[2026-08-17T07:14:09.756Z] restoreNudgeCountFromHistory: found last write at idx=1250 count=0
[2026-08-17T07:14:09.848Z] LiveUpdateForge: allowLiveUpdate = true (first real BeforeSend)
[2026-08-17T07:14:15.652Z] LiveUpdateForge: EndTurn fallback flush
[2026-08-17T07:14:15.653Z] onEndTurn: naturalStop=false toolCalls=0 nudgeMsg=no
[2026-08-17T07:14:16.019Z] LiveUpdateForge: AfterToolExec flush
[2026-08-17T07:14:19.323Z] LiveUpdateForge: EndTurn fallback flush
[2026-08-17T07:14:19.324Z] onEndTurn: naturalStop=false toolCalls=1 nudgeMsg=no
[2026-08-17T07:14:19.620Z] LiveUpdateForge: AfterToolExec flush
[2026-08-17T07:14:23.457Z] LiveUpdateForge: EndTurn fallback flush
[2026-08-17T07:14:23.458Z] onEndTurn: naturalStop=false toolCalls=2 nudgeMsg=no
[2026-08-17T07:14:23.844Z] LiveUpdateForge: AfterToolExec flush
[2026-08-17T07:14:27.604Z] LiveUpdateForge: EndTurn fallback flush
[2026-08-17T07:14:27.605Z] onEndTurn: naturalStop=false toolCalls=3 nudgeMsg=no
[2026-08-17T07:14:27.617Z] LiveUpdateForge: AfterToolExec flush
[2026-08-17T07:14:31.933Z] LiveUpdateForge: EndTurn fallback flush
[2026-08-17T07:14:31.933Z] onEndTurn: naturalStop=false toolCalls=4 nudgeMsg=no
[2026-08-17T07:14:31.952Z] LiveUpdateForge: AfterToolExec flush
[2026-08-17T07:14:39.847Z] LiveUpdateForge: EndTurn fallback flush
[2026-08-17T07:14:39.847Z] onEndTurn: naturalStop=false toolCalls=5 nudgeMsg=no
[2026-08-17T07:14:39.866Z] LiveUpdateForge: AfterToolExec flush
[2026-08-17T07:14:43.877Z] LiveUpdateForge: EndTurn fallback flush
[2026-08-17T07:14:43.878Z] onEndTurn: naturalStop=false toolCalls=6 nudgeMsg=no
[2026-08-17T07:14:44.230Z] LiveUpdateForge: AfterToolExec flush
[2026-08-17T07:14:47.558Z] LiveUpdateForge: EndTurn fallback flush
[2026-08-17T07:14:47.558Z] onEndTurn: naturalStop=false toolCalls=7 nudgeMsg=no
[2026-08-17T07:14:47.568Z] LiveUpdateForge: AfterToolExec flush
[2026-08-17T07:14:52.283Z] LiveUpdateForge: EndTurn fallback flush
[2026-08-17T07:14:52.283Z] onEndTurn: naturalStop=false toolCalls=8 nudgeMsg=no
[2026-08-17T07:14:52.657Z] LiveUpdateForge: AfterToolExec flush
[2026-08-17T07:15:01.955Z] LiveUpdateForge: EndTurn fallback flush
[2026-08-17T07:15:01.955Z] onEndTurn: naturalStop=false toolCalls=9 nudgeMsg=no
[2026-08-17T07:15:01.965Z] LiveUpdateForge: AfterToolExec flush
[2026-08-17T07:15:05.796Z] LiveUpdateForge: EndTurn fallback flush
[2026-08-17T07:15:05.797Z] onEndTurn: naturalStop=false toolCalls=10 nudgeMsg=no
[2026-08-17T07:15:06.074Z] LiveUpdateForge: AfterToolExec flush
[2026-08-17T07:15:09.924Z] LiveUpdateForge: EndTurn fallback flush
[2026-08-17T07:15:09.924Z] onEndTurn: naturalStop=false toolCalls=11 nudgeMsg=no
[2026-08-17T07:15:10.078Z] LiveUpdateForge: AfterToolExec flush
[2026-08-17T07:15:14.173Z] LiveUpdateForge: EndTurn fallback flush
[2026-08-17T07:15:14.174Z] onEndTurn: naturalStop=false toolCalls=12 nudgeMsg=no
[2026-08-17T07:15:14.246Z] LiveUpdateForge: AfterToolExec flush
[2026-08-17T07:15:17.408Z] LiveUpdateForge: EndTurn fallback flush
[2026-08-17T07:15:17.409Z] onEndTurn: naturalStop=false toolCalls=13 nudgeMsg=no
[2026-08-17T07:15:17.528Z] LiveUpdateForge: AfterToolExec flush
[2026-08-17T07:15:21.196Z] LiveUpdateForge: EndTurn fallback flush
[2026-08-17T07:15:21.197Z] onEndTurn: naturalStop=false toolCalls=14 nudgeMsg=no
[2026-08-17T07:15:21.291Z] LiveUpdateForge: AfterToolExec flush
[2026-08-17T07:15:24.686Z] LiveUpdateForge: EndTurn fallback flush
[2026-08-17T07:15:24.687Z] onEndTurn: naturalStop=false toolCalls=15 nudgeMsg=no
[2026-08-17T07:15:24.836Z] LiveUpdateForge: AfterToolExec flush
[2026-08-17T07:15:29.328Z] LiveUpdateForge: EndTurn fallback flush
[2026-08-17T07:15:29.328Z] onEndTurn: naturalStop=false toolCalls=16 nudgeMsg=no
[2026-08-17T07:15:29.462Z] LiveUpdateForge: AfterToolExec flush
[2026-08-17T07:15:32.747Z] LiveUpdateForge: EndTurn fallback flush
[2026-08-17T07:15:32.747Z] onEndTurn: naturalStop=false toolCalls=17 nudgeMsg=no
[2026-08-17T07:15:32.831Z] LiveUpdateForge: AfterToolExec flush
[2026-08-17T07:15:37.127Z] LiveUpdateForge: EndTurn fallback flush
[2026-08-17T07:15:37.128Z] onEndTurn: naturalStop=false toolCalls=18 nudgeMsg=no
[2026-08-17T07:15:37.247Z] LiveUpdateForge: AfterToolExec flush
[2026-08-17T07:15:40.393Z] LiveUpdateForge: EndTurn fallback flush
[2026-08-17T07:15:40.394Z] onEndTurn: naturalStop=false toolCalls=19 nudgeMsg=no
[2026-08-17T07:15:40.476Z] LiveUpdateForge: AfterToolExec flush
[2026-08-17T07:15:44.183Z] LiveUpdateForge: EndTurn fallback flush
[2026-08-17T07:15:44.184Z] onEndTurn: naturalStop=false toolCalls=20 nudgeMsg=no
[2026-08-17T07:15:44.259Z] LiveUpdateForge: AfterToolExec flush
[2026-08-17T07:15:47.727Z] LiveUpdateForge: EndTurn fallback flush
[2026-08-17T07:15:47.728Z] onEndTurn: naturalStop=false toolCalls=21 nudgeMsg=no
[2026-08-17T07:15:48.218Z] LiveUpdateForge: AfterToolExec flush
[2026-08-17T07:15:51.741Z] LiveUpdateForge: EndTurn fallback flush
[2026-08-17T07:15:51.742Z] onEndTurn: naturalStop=false toolCalls=22 nudgeMsg=no
[2026-08-17T07:15:51.861Z] LiveUpdateForge: AfterToolExec flush
[2026-08-17T07:15:54.898Z] LiveUpdateForge: EndTurn fallback flush
[2026-08-17T07:15:54.898Z] onEndTurn: naturalStop=false toolCalls=23 nudgeMsg=no
[2026-08-17T07:15:54.945Z] LiveUpdateForge: AfterToolExec flush
[2026-08-17T07:15:57.762Z] LiveUpdateForge: EndTurn fallback flush
[2026-08-17T07:15:57.763Z] onEndTurn: naturalStop=false toolCalls=24 nudgeMsg=no
[2026-08-17T07:16:06.736Z] LiveUpdateForge: AfterToolExec flush
[2026-08-17T07:16:10.343Z] LiveUpdateForge: EndTurn fallback flush
[2026-08-17T07:16:10.344Z] onEndTurn: naturalStop=true toolCalls=25 nudgeMsg=no
[2026-08-17T07:17:30.851Z] ResumeDiffForge: running checkResumeConsistency
[2026-08-17T07:17:30.852Z] checkResumeConsistency: forgedTimestamps=[["project","1970-01-01T00:00:00.000Z"]]
[2026-08-17T07:17:30.872Z] checkResumeConsistency: injecting 1 diff notification(s)
[2026-08-17T07:17:30.872Z] injectForgedHistory: role=user preview="[agent-auto] [memory-update 2026-08-17 15:13:24] project memory file has been mo"
[2026-08-17T07:17:30.908Z] injectForgedHistory: recordMessage persisted
[2026-08-17T07:17:30.908Z] LiveUpdateForge: session reset, allowLiveUpdate = false
[2026-08-17T07:17:30.909Z] NudgeForge: ResumeComplete — restoring count from history
[2026-08-17T07:17:30.909Z] restoreNudgeCountFromHistory: found last write at idx=1250 count=25
[2026-08-17T07:17:31.007Z] LiveUpdateForge: allowLiveUpdate = true (first real BeforeSend)
[2026-08-17T07:17:37.968Z] LiveUpdateForge: EndTurn fallback flush
[2026-08-17T07:17:37.969Z] onEndTurn: naturalStop=false toolCalls=25 nudgeMsg=no
[2026-08-17T07:17:38.377Z] LiveUpdateForge: AfterToolExec flush
[2026-08-17T07:17:43.677Z] LiveUpdateForge: EndTurn fallback flush
[2026-08-17T07:17:43.678Z] onEndTurn: naturalStop=false toolCalls=26 nudgeMsg=no
[2026-08-17T07:17:43.692Z] LiveUpdateForge: AfterToolExec flush
[2026-08-17T07:17:50.415Z] LiveUpdateForge: EndTurn fallback flush
[2026-08-17T07:17:50.416Z] onEndTurn: naturalStop=false toolCalls=27 nudgeMsg=no
[2026-08-17T07:17:50.548Z] LiveUpdateForge: AfterToolExec flush
[2026-08-17T07:17:54.492Z] LiveUpdateForge: EndTurn fallback flush
[2026-08-17T07:17:54.493Z] onEndTurn: naturalStop=false toolCalls=28 nudgeMsg=no
[2026-08-17T07:17:54.505Z] LiveUpdateForge: AfterToolExec flush
[2026-08-17T07:17:59.654Z] LiveUpdateForge: EndTurn fallback flush
[2026-08-17T07:17:59.655Z] onEndTurn: naturalStop=false toolCalls=29 nudgeMsg=no
[2026-08-17T07:17:59.739Z] LiveUpdateForge: AfterToolExec flush
[2026-08-17T07:18:04.670Z] LiveUpdateForge: EndTurn fallback flush
[2026-08-17T07:18:04.671Z] onEndTurn: naturalStop=false toolCalls=30 nudgeMsg=no
[2026-08-17T07:18:04.683Z] LiveUpdateForge: AfterToolExec flush
[2026-08-17T07:18:10.615Z] LiveUpdateForge: EndTurn fallback flush
[2026-08-17T07:18:10.616Z] onEndTurn: naturalStop=false toolCalls=31 nudgeMsg=no
[2026-08-17T07:18:10.698Z] LiveUpdateForge: AfterToolExec flush
[2026-08-17T07:18:14.382Z] LiveUpdateForge: EndTurn fallback flush
[2026-08-17T07:18:14.382Z] onEndTurn: naturalStop=false toolCalls=32 nudgeMsg=no
[2026-08-17T07:18:14.396Z] LiveUpdateForge: AfterToolExec flush
[2026-08-17T07:18:20.725Z] LiveUpdateForge: EndTurn fallback flush
[2026-08-17T07:18:20.725Z] onEndTurn: naturalStop=false toolCalls=33 nudgeMsg=no
[2026-08-17T07:18:20.854Z] LiveUpdateForge: AfterToolExec flush
[2026-08-17T07:18:25.354Z] LiveUpdateForge: EndTurn fallback flush
[2026-08-17T07:18:25.355Z] onEndTurn: naturalStop=false toolCalls=34 nudgeMsg=no
[2026-08-17T07:18:25.367Z] LiveUpdateForge: AfterToolExec flush
[2026-08-17T07:19:19.833Z] LiveUpdateForge: EndTurn fallback flush
[2026-08-17T07:19:19.834Z] onEndTurn: naturalStop=false toolCalls=35 nudgeMsg=no
[2026-08-17T07:19:20.016Z] LiveUpdateForge: AfterToolExec flush
[2026-08-17T07:19:26.340Z] LiveUpdateForge: EndTurn fallback flush
[2026-08-17T07:19:26.341Z] onEndTurn: naturalStop=false toolCalls=36 nudgeMsg=no
[2026-08-17T07:19:26.354Z] LiveUpdateForge: AfterToolExec flush
[2026-08-17T07:19:30.034Z] LiveUpdateForge: EndTurn fallback flush
[2026-08-17T07:19:30.035Z] onEndTurn: naturalStop=false toolCalls=37 nudgeMsg=no
[2026-08-17T07:19:30.172Z] LiveUpdateForge: AfterToolExec flush
[2026-08-17T07:19:33.687Z] LiveUpdateForge: EndTurn fallback flush
[2026-08-17T07:19:33.688Z] onEndTurn: naturalStop=false toolCalls=38 nudgeMsg=no
[2026-08-17T07:19:33.704Z] LiveUpdateForge: AfterToolExec flush
[2026-08-17T07:19:38.052Z] LiveUpdateForge: EndTurn fallback flush
[2026-08-17T07:19:38.053Z] onEndTurn: naturalStop=false toolCalls=39 nudgeMsg=no
[2026-08-17T07:19:38.210Z] LiveUpdateForge: AfterToolExec flush
[2026-08-17T07:19:41.578Z] LiveUpdateForge: EndTurn fallback flush
[2026-08-17T07:19:41.578Z] onEndTurn: naturalStop=false toolCalls=40 nudgeMsg=no
[2026-08-17T07:19:41.625Z] LiveUpdateForge: AfterToolExec flush
[2026-08-17T07:19:44.815Z] LiveUpdateForge: EndTurn fallback flush
[2026-08-17T07:19:44.816Z] onEndTurn: naturalStop=false toolCalls=41 nudgeMsg=no
[2026-08-17T07:19:53.396Z] LiveUpdateForge: AfterToolExec flush
[2026-08-17T07:19:57.418Z] LiveUpdateForge: EndTurn fallback flush
[2026-08-17T07:19:57.419Z] onEndTurn: naturalStop=true toolCalls=42 nudgeMsg=no
[2026-08-17T07:21:15.046Z] ResumeDiffForge: running checkResumeConsistency
[2026-08-17T07:21:15.047Z] checkResumeConsistency: forgedTimestamps=[["project","1970-01-01T00:00:00.000Z"]]
[2026-08-17T07:21:15.061Z] checkResumeConsistency: injecting 1 diff notification(s)
[2026-08-17T07:21:15.061Z] injectForgedHistory: role=user preview="[agent-auto] [memory-update 2026-08-17 15:13:24] project memory file has been mo"
[2026-08-17T07:21:15.098Z] injectForgedHistory: recordMessage persisted
[2026-08-17T07:21:15.099Z] LiveUpdateForge: session reset, allowLiveUpdate = false
[2026-08-17T07:21:15.099Z] NudgeForge: ResumeComplete — restoring count from history
[2026-08-17T07:21:15.100Z] restoreNudgeCountFromHistory: found last write at idx=1250 count=42
[2026-08-17T07:21:15.209Z] LiveUpdateForge: allowLiveUpdate = true (first real BeforeSend)
[2026-08-17T07:21:21.634Z] LiveUpdateForge: EndTurn fallback flush
[2026-08-17T07:21:21.635Z] onEndTurn: naturalStop=false toolCalls=42 nudgeMsg=no
[2026-08-17T07:21:21.954Z] LiveUpdateForge: AfterToolExec flush
[2026-08-17T07:21:25.828Z] LiveUpdateForge: EndTurn fallback flush
[2026-08-17T07:21:25.828Z] onEndTurn: naturalStop=false toolCalls=43 nudgeMsg=no
[2026-08-17T07:21:25.842Z] LiveUpdateForge: AfterToolExec flush
[2026-08-17T07:21:30.492Z] LiveUpdateForge: EndTurn fallback flush
[2026-08-17T07:21:30.492Z] onEndTurn: naturalStop=false toolCalls=44 nudgeMsg=no
[2026-08-17T07:21:30.624Z] LiveUpdateForge: AfterToolExec flush
[2026-08-17T07:21:34.590Z] LiveUpdateForge: EndTurn fallback flush
[2026-08-17T07:21:34.590Z] onEndTurn: naturalStop=false toolCalls=45 nudgeMsg=no
[2026-08-17T07:21:34.739Z] LiveUpdateForge: AfterToolExec flush
[2026-08-17T07:21:40.015Z] LiveUpdateForge: EndTurn fallback flush
[2026-08-17T07:21:40.016Z] onEndTurn: naturalStop=false toolCalls=46 nudgeMsg=no
[2026-08-17T07:21:40.303Z] LiveUpdateForge: AfterToolExec flush
[2026-08-17T07:21:48.211Z] LiveUpdateForge: EndTurn fallback flush
[2026-08-17T07:21:48.212Z] onEndTurn: naturalStop=false toolCalls=47 nudgeMsg=no
[2026-08-17T07:21:48.341Z] LiveUpdateForge: AfterToolExec flush
[2026-08-17T07:21:54.430Z] LiveUpdateForge: EndTurn fallback flush
[2026-08-17T07:21:54.431Z] onEndTurn: naturalStop=false toolCalls=48 nudgeMsg=no
[2026-08-17T07:21:54.796Z] LiveUpdateForge: AfterToolExec flush
[2026-08-17T07:22:03.735Z] LiveUpdateForge: EndTurn fallback flush
[2026-08-17T07:22:03.735Z] onEndTurn: naturalStop=false toolCalls=49 nudgeMsg=no
[2026-08-17T07:22:03.749Z] LiveUpdateForge: AfterToolExec flush
[2026-08-17T07:22:09.235Z] LiveUpdateForge: EndTurn fallback flush
[2026-08-17T07:22:09.235Z] onEndTurn: naturalStop=false toolCalls=50 nudgeMsg=no
[2026-08-17T07:22:09.365Z] LiveUpdateForge: AfterToolExec flush
[2026-08-17T07:22:13.781Z] LiveUpdateForge: EndTurn fallback flush
[2026-08-17T07:22:13.782Z] onEndTurn: naturalStop=false toolCalls=51 nudgeMsg=no
[2026-08-17T07:22:13.842Z] LiveUpdateForge: AfterToolExec flush
[2026-08-17T07:22:17.657Z] LiveUpdateForge: EndTurn fallback flush
[2026-08-17T07:22:17.657Z] onEndTurn: naturalStop=false toolCalls=52 nudgeMsg=no
[2026-08-17T07:22:26.507Z] LiveUpdateForge: AfterToolExec flush
[2026-08-17T07:22:31.444Z] LiveUpdateForge: EndTurn fallback flush
[2026-08-17T07:22:31.444Z] onEndTurn: naturalStop=false toolCalls=53 nudgeMsg=no
[2026-08-17T07:22:31.499Z] LiveUpdateForge: AfterToolExec flush
[2026-08-17T07:22:36.343Z] LiveUpdateForge: EndTurn fallback flush
[2026-08-17T07:22:36.343Z] onEndTurn: naturalStop=false toolCalls=54 nudgeMsg=no
[2026-08-17T07:22:36.698Z] LiveUpdateForge: AfterToolExec flush
[2026-08-17T07:22:41.347Z] LiveUpdateForge: EndTurn fallback flush
[2026-08-17T07:22:41.348Z] onEndTurn: naturalStop=true toolCalls=0 nudgeMsg=YES
[2026-08-17T07:22:59.565Z] LiveUpdateForge: EndTurn fallback flush
[2026-08-17T07:22:59.566Z] onEndTurn: naturalStop=false toolCalls=0 nudgeMsg=no
[2026-08-17T07:22:59.593Z] LiveUpdateForge: self-write on D:\unity\demo\CODELY.md, baseline aligned
[2026-08-17T07:22:59.594Z] LiveUpdateForge: AfterToolExec flush
[2026-08-17T07:23:00.189Z] LiveUpdateForge: pending external change on D:\unity\demo\CODELY.md
[2026-08-17T07:23:02.954Z] LiveUpdateForge: EndTurn fallback flush
[2026-08-17T07:23:02.954Z] onEndTurn: naturalStop=true toolCalls=0 nudgeMsg=no
[2026-08-17T07:24:14.114Z] ResumeDiffForge: running checkResumeConsistency
[2026-08-17T07:24:14.115Z] checkResumeConsistency: forgedTimestamps=[["project","1970-01-01T00:00:00.000Z"]]
[2026-08-17T07:24:14.129Z] checkResumeConsistency: injecting 1 diff notification(s)
[2026-08-17T07:24:14.130Z] injectForgedHistory: role=user preview="[agent-auto] [memory-update 2026-08-17 15:22:59] project memory file has been mo"
[2026-08-17T07:24:14.168Z] injectForgedHistory: recordMessage persisted
[2026-08-17T07:24:14.169Z] LiveUpdateForge: session reset, allowLiveUpdate = false
[2026-08-17T07:24:14.169Z] NudgeForge: ResumeComplete — restoring count from history
[2026-08-17T07:24:14.170Z] restoreNudgeCountFromHistory: found last write at idx=1373 count=0
[2026-08-17T07:24:14.274Z] LiveUpdateForge: allowLiveUpdate = true (first real BeforeSend)
[2026-08-17T07:25:10.260Z] LiveUpdateForge: EndTurn fallback flush
[2026-08-17T07:25:10.261Z] onEndTurn: naturalStop=false toolCalls=0 nudgeMsg=no
[2026-08-17T07:25:18.485Z] LiveUpdateForge: AfterToolExec flush
[2026-08-17T07:25:27.781Z] LiveUpdateForge: EndTurn fallback flush
[2026-08-17T07:25:27.782Z] onEndTurn: naturalStop=false toolCalls=1 nudgeMsg=no
[2026-08-17T07:25:28.146Z] LiveUpdateForge: AfterToolExec flush
[2026-08-17T07:25:33.175Z] LiveUpdateForge: EndTurn fallback flush
[2026-08-17T07:25:33.176Z] onEndTurn: naturalStop=false toolCalls=2 nudgeMsg=no
[2026-08-17T07:25:33.181Z] LiveUpdateForge: AfterToolExec flush
[2026-08-17T07:25:37.607Z] LiveUpdateForge: EndTurn fallback flush
[2026-08-17T07:25:37.608Z] onEndTurn: naturalStop=false toolCalls=3 nudgeMsg=no
[2026-08-17T07:25:37.622Z] LiveUpdateForge: AfterToolExec flush
[2026-08-17T07:25:41.009Z] LiveUpdateForge: EndTurn fallback flush
[2026-08-17T07:25:41.009Z] onEndTurn: naturalStop=false toolCalls=4 nudgeMsg=no
[2026-08-17T07:25:41.144Z] LiveUpdateForge: AfterToolExec flush
[2026-08-17T07:25:45.676Z] LiveUpdateForge: EndTurn fallback flush
[2026-08-17T07:25:45.676Z] onEndTurn: naturalStop=false toolCalls=5 nudgeMsg=no
[2026-08-17T07:25:45.689Z] LiveUpdateForge: AfterToolExec flush
[2026-08-17T07:25:49.697Z] LiveUpdateForge: EndTurn fallback flush
[2026-08-17T07:25:49.698Z] onEndTurn: naturalStop=false toolCalls=6 nudgeMsg=no
[2026-08-17T07:25:49.878Z] LiveUpdateForge: AfterToolExec flush
[2026-08-17T07:25:53.134Z] LiveUpdateForge: EndTurn fallback flush
[2026-08-17T07:25:53.134Z] onEndTurn: naturalStop=false toolCalls=7 nudgeMsg=no
[2026-08-17T07:26:01.686Z] LiveUpdateForge: AfterToolExec flush
[2026-08-17T07:26:06.223Z] LiveUpdateForge: EndTurn fallback flush
[2026-08-17T07:26:06.223Z] onEndTurn: naturalStop=true toolCalls=8 nudgeMsg=no
[2026-08-17T07:27:00.961Z] ResumeDiffForge: running checkResumeConsistency
[2026-08-17T07:27:00.962Z] checkResumeConsistency: forgedTimestamps=[["project","1970-01-01T00:00:00.000Z"]]
[2026-08-17T07:27:00.977Z] checkResumeConsistency: injecting 1 diff notification(s)
[2026-08-17T07:27:00.978Z] injectForgedHistory: role=user preview="[agent-auto] [memory-update 2026-08-17 15:22:59] project memory file has been mo"
[2026-08-17T07:27:01.019Z] injectForgedHistory: recordMessage persisted
[2026-08-17T07:27:01.019Z] LiveUpdateForge: session reset, allowLiveUpdate = false
[2026-08-17T07:27:01.020Z] NudgeForge: ResumeComplete — restoring count from history
[2026-08-17T07:27:01.021Z] restoreNudgeCountFromHistory: found last write at idx=1373 count=8
[2026-08-17T07:27:01.128Z] LiveUpdateForge: allowLiveUpdate = true (first real BeforeSend)
[2026-08-17T07:27:05.129Z] LiveUpdateForge: EndTurn fallback flush
[2026-08-17T07:27:05.129Z] onEndTurn: naturalStop=false toolCalls=8 nudgeMsg=no
[2026-08-17T07:27:05.533Z] LiveUpdateForge: AfterToolExec flush
[2026-08-17T07:27:09.018Z] LiveUpdateForge: EndTurn fallback flush
[2026-08-17T07:27:09.018Z] onEndTurn: naturalStop=false toolCalls=9 nudgeMsg=no
[2026-08-17T07:27:09.408Z] LiveUpdateForge: AfterToolExec flush
[2026-08-17T07:27:13.789Z] LiveUpdateForge: EndTurn fallback flush
[2026-08-17T07:27:13.789Z] onEndTurn: naturalStop=false toolCalls=10 nudgeMsg=no
[2026-08-17T07:27:14.167Z] LiveUpdateForge: AfterToolExec flush
[2026-08-17T07:27:17.848Z] LiveUpdateForge: EndTurn fallback flush
[2026-08-17T07:27:17.849Z] onEndTurn: naturalStop=false toolCalls=11 nudgeMsg=no
[2026-08-17T07:27:18.227Z] LiveUpdateForge: AfterToolExec flush
[2026-08-17T07:27:21.748Z] LiveUpdateForge: EndTurn fallback flush
[2026-08-17T07:27:21.748Z] onEndTurn: naturalStop=false toolCalls=12 nudgeMsg=no
[2026-08-17T07:27:22.120Z] LiveUpdateForge: AfterToolExec flush
[2026-08-17T07:27:27.697Z] LiveUpdateForge: EndTurn fallback flush
[2026-08-17T07:27:27.697Z] onEndTurn: naturalStop=false toolCalls=13 nudgeMsg=no
[2026-08-17T07:27:27.712Z] LiveUpdateForge: AfterToolExec flush
[2026-08-17T07:27:31.218Z] LiveUpdateForge: EndTurn fallback flush
[2026-08-17T07:27:31.219Z] onEndTurn: naturalStop=false toolCalls=14 nudgeMsg=no
[2026-08-17T07:27:31.227Z] LiveUpdateForge: AfterToolExec flush
[2026-08-17T07:27:35.789Z] LiveUpdateForge: EndTurn fallback flush
[2026-08-17T07:27:35.790Z] onEndTurn: naturalStop=false toolCalls=15 nudgeMsg=no
[2026-08-17T07:27:36.182Z] LiveUpdateForge: AfterToolExec flush
[2026-08-17T07:27:42.687Z] LiveUpdateForge: EndTurn fallback flush
[2026-08-17T07:27:42.687Z] onEndTurn: naturalStop=false toolCalls=16 nudgeMsg=no
[2026-08-17T07:27:42.700Z] LiveUpdateForge: AfterToolExec flush
[2026-08-17T07:27:47.352Z] LiveUpdateForge: EndTurn fallback flush
[2026-08-17T07:27:47.353Z] onEndTurn: naturalStop=false toolCalls=17 nudgeMsg=no
[2026-08-17T07:27:47.713Z] LiveUpdateForge: AfterToolExec flush
[2026-08-17T07:27:51.270Z] LiveUpdateForge: EndTurn fallback flush
[2026-08-17T07:27:51.271Z] onEndTurn: naturalStop=false toolCalls=18 nudgeMsg=no
[2026-08-17T07:27:51.569Z] LiveUpdateForge: AfterToolExec flush
[2026-08-17T07:27:55.354Z] LiveUpdateForge: EndTurn fallback flush
[2026-08-17T07:27:55.354Z] onEndTurn: naturalStop=false toolCalls=19 nudgeMsg=no
[2026-08-17T07:27:55.410Z] LiveUpdateForge: AfterToolExec flush
[2026-08-17T07:27:59.365Z] LiveUpdateForge: EndTurn fallback flush
[2026-08-17T07:27:59.365Z] onEndTurn: naturalStop=false toolCalls=20 nudgeMsg=no
[2026-08-17T07:27:59.647Z] LiveUpdateForge: AfterToolExec flush
[2026-08-17T07:28:04.346Z] LiveUpdateForge: EndTurn fallback flush
[2026-08-17T07:28:04.347Z] onEndTurn: naturalStop=false toolCalls=21 nudgeMsg=no
[2026-08-17T07:28:04.410Z] LiveUpdateForge: AfterToolExec flush
[2026-08-17T07:28:08.404Z] LiveUpdateForge: EndTurn fallback flush
[2026-08-17T07:28:08.404Z] onEndTurn: naturalStop=false toolCalls=22 nudgeMsg=no
[2026-08-17T07:28:08.557Z] LiveUpdateForge: AfterToolExec flush
[2026-08-17T07:28:12.759Z] LiveUpdateForge: EndTurn fallback flush
[2026-08-17T07:28:12.759Z] onEndTurn: naturalStop=false toolCalls=23 nudgeMsg=no
[2026-08-17T07:28:21.297Z] LiveUpdateForge: AfterToolExec flush
[2026-08-17T07:28:26.349Z] LiveUpdateForge: EndTurn fallback flush
[2026-08-17T07:28:26.350Z] onEndTurn: naturalStop=true toolCalls=24 nudgeMsg=no
[2026-08-17T07:28:44.964Z] ResumeDiffForge: running checkResumeConsistency
[2026-08-17T07:28:44.965Z] checkResumeConsistency: forgedTimestamps=[["project","1970-01-01T00:00:00.000Z"]]
[2026-08-17T07:28:44.985Z] checkResumeConsistency: injecting 1 diff notification(s)
[2026-08-17T07:28:44.985Z] injectForgedHistory: role=user preview="[agent-auto] [memory-update 2026-08-17 15:22:59] project memory file has been mo"
[2026-08-17T07:28:45.022Z] injectForgedHistory: recordMessage persisted
[2026-08-17T07:28:45.023Z] LiveUpdateForge: session reset, allowLiveUpdate = false
[2026-08-17T07:28:45.024Z] NudgeForge: ResumeComplete — restoring count from history
[2026-08-17T07:28:45.025Z] restoreNudgeCountFromHistory: found last write at idx=1373 count=24
[2026-08-17T07:28:45.126Z] LiveUpdateForge: allowLiveUpdate = true (first real BeforeSend)
[2026-08-17T07:28:52.791Z] LiveUpdateForge: EndTurn fallback flush
[2026-08-17T07:28:52.792Z] onEndTurn: naturalStop=false toolCalls=24 nudgeMsg=no
[2026-08-17T07:28:53.208Z] LiveUpdateForge: AfterToolExec flush
[2026-08-17T07:28:57.607Z] LiveUpdateForge: EndTurn fallback flush
[2026-08-17T07:28:57.607Z] onEndTurn: naturalStop=false toolCalls=25 nudgeMsg=no
[2026-08-17T07:28:57.922Z] LiveUpdateForge: AfterToolExec flush
[2026-08-17T07:29:01.747Z] LiveUpdateForge: EndTurn fallback flush
[2026-08-17T07:29:01.747Z] onEndTurn: naturalStop=false toolCalls=26 nudgeMsg=no
[2026-08-17T07:29:01.760Z] LiveUpdateForge: AfterToolExec flush
[2026-08-17T07:29:05.718Z] LiveUpdateForge: EndTurn fallback flush
[2026-08-17T07:29:05.718Z] onEndTurn: naturalStop=false toolCalls=27 nudgeMsg=no
[2026-08-17T07:29:05.939Z] LiveUpdateForge: AfterToolExec flush
[2026-08-17T07:29:09.902Z] LiveUpdateForge: EndTurn fallback flush
[2026-08-17T07:29:09.903Z] onEndTurn: naturalStop=false toolCalls=28 nudgeMsg=no
[2026-08-17T07:29:09.915Z] LiveUpdateForge: AfterToolExec flush
[2026-08-17T07:29:13.990Z] LiveUpdateForge: EndTurn fallback flush
[2026-08-17T07:29:13.990Z] onEndTurn: naturalStop=false toolCalls=29 nudgeMsg=no
[2026-08-17T07:29:13.998Z] LiveUpdateForge: AfterToolExec flush
[2026-08-17T07:29:17.348Z] LiveUpdateForge: EndTurn fallback flush
[2026-08-17T07:29:17.348Z] onEndTurn: naturalStop=false toolCalls=30 nudgeMsg=no
[2026-08-17T07:29:17.363Z] LiveUpdateForge: AfterToolExec flush
[2026-08-17T07:29:20.964Z] LiveUpdateForge: EndTurn fallback flush
[2026-08-17T07:29:20.965Z] onEndTurn: naturalStop=false toolCalls=31 nudgeMsg=no
[2026-08-17T07:29:21.080Z] LiveUpdateForge: AfterToolExec flush
[2026-08-17T07:29:24.859Z] LiveUpdateForge: EndTurn fallback flush
[2026-08-17T07:29:24.859Z] onEndTurn: naturalStop=false toolCalls=32 nudgeMsg=no
[2026-08-17T07:29:24.873Z] LiveUpdateForge: AfterToolExec flush
[2026-08-17T07:29:29.708Z] LiveUpdateForge: EndTurn fallback flush
[2026-08-17T07:29:29.709Z] onEndTurn: naturalStop=false toolCalls=33 nudgeMsg=no
[2026-08-17T07:29:29.792Z] LiveUpdateForge: AfterToolExec flush
[2026-08-17T07:29:33.143Z] LiveUpdateForge: EndTurn fallback flush
[2026-08-17T07:29:33.143Z] onEndTurn: naturalStop=false toolCalls=34 nudgeMsg=no
[2026-08-17T07:29:33.156Z] LiveUpdateForge: AfterToolExec flush
[2026-08-17T07:29:37.464Z] LiveUpdateForge: EndTurn fallback flush
[2026-08-17T07:29:37.465Z] onEndTurn: naturalStop=false toolCalls=35 nudgeMsg=no
[2026-08-17T07:29:37.601Z] LiveUpdateForge: AfterToolExec flush
[2026-08-17T07:29:42.290Z] LiveUpdateForge: EndTurn fallback flush
[2026-08-17T07:29:42.291Z] onEndTurn: naturalStop=false toolCalls=36 nudgeMsg=no
[2026-08-17T07:29:51.098Z] LiveUpdateForge: AfterToolExec flush
[2026-08-17T07:29:55.867Z] LiveUpdateForge: EndTurn fallback flush
[2026-08-17T07:29:55.867Z] onEndTurn: naturalStop=true toolCalls=37 nudgeMsg=no
[2026-08-17T07:34:54.039Z] ResumeDiffForge: running checkResumeConsistency
[2026-08-17T07:34:54.041Z] checkResumeConsistency: forgedTimestamps=[["project","1970-01-01T00:00:00.000Z"]]
[2026-08-17T07:34:54.059Z] checkResumeConsistency: injecting 1 diff notification(s)
[2026-08-17T07:34:54.060Z] injectForgedHistory: role=user preview="[agent-auto] [memory-update 2026-08-17 15:22:59] project memory file has been mo"
[2026-08-17T07:34:54.104Z] injectForgedHistory: recordMessage persisted
[2026-08-17T07:34:54.105Z] LiveUpdateForge: session reset, allowLiveUpdate = false
[2026-08-17T07:34:54.106Z] NudgeForge: ResumeComplete — restoring count from history
[2026-08-17T07:34:54.107Z] restoreNudgeCountFromHistory: found last write at idx=1373 count=37
[2026-08-17T07:34:54.209Z] LiveUpdateForge: allowLiveUpdate = true (first real BeforeSend)
[2026-08-17T07:35:09.265Z] LiveUpdateForge: EndTurn fallback flush
[2026-08-17T07:35:09.266Z] onEndTurn: naturalStop=true toolCalls=37 nudgeMsg=no
[2026-08-17T07:47:43.642Z] MemoryForge: attached 5 listener(s)
[2026-08-17T07:47:43.642Z] InitialReadForge: armed one-shot BeforeSend after NewSessionStart
[2026-08-17T07:47:43.643Z] LiveUpdateForge: session reset, allowLiveUpdate = false
[2026-08-17T07:59:43.889Z] LiveUpdateForge: session reset, allowLiveUpdate = false
[2026-08-17T07:59:48.677Z] ResumeDiffForge: running checkResumeConsistency
[2026-08-17T07:59:49.390Z] checkResumeConsistency: forgedTimestamps=[["project","1970-01-01T00:00:00.000Z"]]
[2026-08-17T08:00:04.621Z] checkResumeConsistency: injecting 1 diff notification(s)
[2026-08-17T08:00:05.528Z] injectForgedHistory: role=user preview="[agent-auto] [memory-update 2026-08-17 15:22:59] project memory file has been mo"
[2026-08-17T08:00:05.529Z] injectForgedHistory: recordMessage persisted
[2026-08-17T08:00:05.530Z] LiveUpdateForge: session reset, allowLiveUpdate = false
[2026-08-17T08:00:06.226Z] NudgeForge: ResumeComplete — restoring count from history
[2026-08-17T08:00:06.604Z] restoreNudgeCountFromHistory: found last write at idx=1373 count=37
[2026-08-17T08:02:10.343Z] ResumeDiffForge: running checkResumeConsistency
[2026-08-17T08:02:10.637Z] checkResumeConsistency: forgedTimestamps=[["project","1970-01-01T00:00:00.000Z"]]
[2026-08-17T08:02:11.324Z] checkResumeConsistency: injecting 1 diff notification(s)
[2026-08-17T08:02:11.466Z] injectForgedHistory: role=user preview="[agent-auto] [memory-update 2026-08-17 15:22:59] project memory file has been mo"
[2026-08-17T08:02:11.672Z] injectForgedHistory: recordMessage persisted
[2026-08-17T08:02:11.702Z] LiveUpdateForge: session reset, allowLiveUpdate = false
[2026-08-17T08:02:11.749Z] NudgeForge: ResumeComplete — restoring count from history
[2026-08-17T08:02:11.751Z] restoreNudgeCountFromHistory: found last write at idx=1373 count=37
[2026-08-17T08:02:15.950Z] ResumeDiffForge: running checkResumeConsistency
[2026-08-17T08:02:15.951Z] checkResumeConsistency: forgedTimestamps=[["project","1970-01-01T00:00:00.000Z"]]
[2026-08-17T08:02:16.130Z] checkResumeConsistency: injecting 1 diff notification(s)
[2026-08-17T08:02:16.412Z] injectForgedHistory: role=user preview="[agent-auto] [memory-update 2026-08-17 15:22:59] project memory file has been mo"
[2026-08-17T08:02:16.551Z] injectForgedHistory: recordMessage persisted
[2026-08-17T08:02:16.552Z] LiveUpdateForge: session reset, allowLiveUpdate = false
[2026-08-17T08:02:16.552Z] NudgeForge: ResumeComplete — restoring count from history
[2026-08-17T08:02:16.553Z] restoreNudgeCountFromHistory: found last write at idx=1373 count=37
[2026-08-17T08:02:25.050Z] MemoryForge: attached 5 listener(s)
[2026-08-17T08:02:25.264Z] InitialReadForge: armed one-shot BeforeSend after NewSessionStart
[2026-08-17T08:02:25.265Z] LiveUpdateForge: session reset, allowLiveUpdate = false
[2026-08-17T08:02:25.467Z] MemoryForge: detached all listeners
[2026-08-17T08:02:25.472Z] ResumeDiffForge: running checkResumeConsistency
[2026-08-17T08:02:25.473Z] checkResumeConsistency: forgedTimestamps=[["project","1970-01-01T00:00:00.000Z"]]
[2026-08-17T08:02:26.246Z] checkResumeConsistency: injecting 1 diff notification(s)
[2026-08-17T08:02:26.247Z] injectForgedHistory: role=user preview="[agent-auto] [memory-update 2026-08-17 15:22:59] project memory file has been mo"
[2026-08-17T08:02:27.404Z] injectForgedHistory: recordMessage persisted
[2026-08-17T08:02:27.532Z] LiveUpdateForge: session reset, allowLiveUpdate = false
[2026-08-17T08:02:27.532Z] NudgeForge: ResumeComplete — restoring count from history
[2026-08-17T08:02:27.535Z] restoreNudgeCountFromHistory: found last write at idx=1373 count=37
[2026-08-17T08:02:29.356Z] LiveUpdateForge: allowLiveUpdate = true (first real BeforeSend)
[2026-08-17T08:02:29.754Z] InitialReadForge.onBeforeSend: SKIP (fr=false syn=false hasRead=true)
[2026-08-17T08:03:29.304Z] LiveUpdateForge: EndTurn fallback flush
[2026-08-17T08:03:29.304Z] onEndTurn: naturalStop=false toolCalls=37 nudgeMsg=no
[2026-08-17T08:03:52.605Z] LiveUpdateForge: AfterToolExec flush
[2026-08-17T08:03:52.854Z] InitialReadForge.onBeforeSend: SKIP (fr=true syn=false hasRead=true)
[2026-08-17T08:03:56.746Z] LiveUpdateForge: EndTurn fallback flush
[2026-08-17T08:03:56.746Z] onEndTurn: naturalStop=false toolCalls=38 nudgeMsg=no
[2026-08-17T08:03:59.977Z] LiveUpdateForge: AfterToolExec flush
[2026-08-17T08:04:00.140Z] InitialReadForge.onBeforeSend: SKIP (fr=true syn=false hasRead=true)
[2026-08-17T08:04:04.711Z] LiveUpdateForge: EndTurn fallback flush
[2026-08-17T08:04:04.712Z] onEndTurn: naturalStop=false toolCalls=39 nudgeMsg=no
[2026-08-17T08:04:06.462Z] LiveUpdateForge: AfterToolExec flush
[2026-08-17T08:04:06.510Z] InitialReadForge.onBeforeSend: SKIP (fr=true syn=false hasRead=true)
[2026-08-17T08:04:10.682Z] LiveUpdateForge: EndTurn fallback flush
[2026-08-17T08:04:10.683Z] onEndTurn: naturalStop=false toolCalls=40 nudgeMsg=no
[2026-08-17T08:05:36.464Z] LiveUpdateForge: AfterToolExec flush
[2026-08-17T08:05:36.559Z] InitialReadForge.onBeforeSend: SKIP (fr=true syn=false hasRead=true)
[2026-08-17T08:05:40.180Z] LiveUpdateForge: EndTurn fallback flush
[2026-08-17T08:05:40.181Z] onEndTurn: naturalStop=false toolCalls=41 nudgeMsg=no
[2026-08-17T08:09:26.628Z] LiveUpdateForge: AfterToolExec flush
[2026-08-17T08:09:26.736Z] InitialReadForge.onBeforeSend: SKIP (fr=true syn=false hasRead=true)
[2026-08-17T08:09:32.612Z] LiveUpdateForge: EndTurn fallback flush
[2026-08-17T08:09:32.612Z] onEndTurn: naturalStop=false toolCalls=42 nudgeMsg=no
[2026-08-17T08:09:33.157Z] LiveUpdateForge: AfterToolExec flush
[2026-08-17T08:09:33.207Z] InitialReadForge.onBeforeSend: SKIP (fr=true syn=false hasRead=true)
[2026-08-17T08:09:36.622Z] LiveUpdateForge: EndTurn fallback flush
[2026-08-17T08:09:36.622Z] onEndTurn: naturalStop=false toolCalls=43 nudgeMsg=no
[2026-08-17T08:09:36.895Z] LiveUpdateForge: AfterToolExec flush
[2026-08-17T08:09:37.058Z] InitialReadForge.onBeforeSend: SKIP (fr=true syn=false hasRead=true)
[2026-08-17T08:09:42.046Z] LiveUpdateForge: EndTurn fallback flush
[2026-08-17T08:09:42.047Z] onEndTurn: naturalStop=false toolCalls=44 nudgeMsg=no
[2026-08-17T08:09:42.203Z] LiveUpdateForge: AfterToolExec flush
[2026-08-17T08:09:42.249Z] InitialReadForge.onBeforeSend: SKIP (fr=true syn=false hasRead=true)
[2026-08-17T08:09:46.571Z] LiveUpdateForge: EndTurn fallback flush
[2026-08-17T08:09:46.572Z] onEndTurn: naturalStop=false toolCalls=45 nudgeMsg=no
[2026-08-17T08:10:41.164Z] LiveUpdateForge: AfterToolExec flush
[2026-08-17T08:10:41.289Z] InitialReadForge.onBeforeSend: SKIP (fr=true syn=false hasRead=true)
[2026-08-17T08:11:43.651Z] LiveUpdateForge: EndTurn fallback flush
[2026-08-17T08:11:43.652Z] onEndTurn: naturalStop=true toolCalls=46 nudgeMsg=no
[2026-08-17T08:17:53.090Z] MemoryForge: attached 5 listener(s)
[2026-08-17T08:17:53.110Z] InitialReadForge: armed one-shot BeforeSend after NewSessionStart
[2026-08-17T08:17:53.111Z] LiveUpdateForge: session reset, allowLiveUpdate = false
[2026-08-17T08:25:10.968Z] LiveUpdateForge: session reset, allowLiveUpdate = false
[2026-08-17T08:25:14.404Z] ResumeDiffForge: running checkResumeConsistency
[2026-08-17T08:25:15.261Z] checkResumeConsistency: forgedTimestamps=[["project","1970-01-01T00:00:00.000Z"]]
[2026-08-17T08:25:27.287Z] checkResumeConsistency: injecting 1 diff notification(s)
[2026-08-17T08:25:27.288Z] injectForgedHistory: role=user preview="[agent-auto] [memory-update 2026-08-17 15:22:59] project memory file has been mo"
[2026-08-17T08:25:27.289Z] injectForgedHistory: recordMessage persisted
[2026-08-17T08:25:27.339Z] LiveUpdateForge: session reset, allowLiveUpdate = false
[2026-08-17T08:25:27.515Z] NudgeForge: ResumeComplete — restoring count from history
[2026-08-17T08:25:27.517Z] restoreNudgeCountFromHistory: found last write at idx=1373 count=46
[2026-08-17T08:26:18.438Z] ResumeDiffForge: running checkResumeConsistency
[2026-08-17T08:26:18.439Z] checkResumeConsistency: forgedTimestamps=[["project","1970-01-01T00:00:00.000Z"]]
[2026-08-17T08:26:18.922Z] checkResumeConsistency: injecting 1 diff notification(s)
[2026-08-17T08:26:19.007Z] injectForgedHistory: role=user preview="[agent-auto] [memory-update 2026-08-17 15:22:59] project memory file has been mo"
[2026-08-17T08:26:19.402Z] injectForgedHistory: recordMessage persisted
[2026-08-17T08:26:19.715Z] LiveUpdateForge: session reset, allowLiveUpdate = false
[2026-08-17T08:26:19.716Z] NudgeForge: ResumeComplete — restoring count from history
[2026-08-17T08:26:20.015Z] restoreNudgeCountFromHistory: found last write at idx=1373 count=46
[2026-08-17T08:28:38.277Z] ResumeDiffForge: running checkResumeConsistency
[2026-08-17T08:28:38.279Z] checkResumeConsistency: forgedTimestamps=[["project","1970-01-01T00:00:00.000Z"]]
[2026-08-17T08:28:39.197Z] checkResumeConsistency: injecting 1 diff notification(s)
[2026-08-17T08:28:39.197Z] injectForgedHistory: role=user preview="[agent-auto] [memory-update 2026-08-17 15:22:59] project memory file has been mo"
[2026-08-17T08:28:39.245Z] injectForgedHistory: recordMessage persisted
[2026-08-17T08:28:39.245Z] LiveUpdateForge: session reset, allowLiveUpdate = false
[2026-08-17T08:28:39.246Z] NudgeForge: ResumeComplete — restoring count from history
[2026-08-17T08:28:39.247Z] restoreNudgeCountFromHistory: found last write at idx=1373 count=46
[2026-08-17T08:28:44.030Z] MemoryForge: attached 5 listener(s)
[2026-08-17T08:28:44.031Z] InitialReadForge: armed one-shot BeforeSend after NewSessionStart
[2026-08-17T08:28:44.031Z] LiveUpdateForge: session reset, allowLiveUpdate = false
[2026-08-17T08:28:44.097Z] MemoryForge: detached all listeners
[2026-08-17T08:28:44.098Z] ResumeDiffForge: running checkResumeConsistency
[2026-08-17T08:28:44.099Z] checkResumeConsistency: forgedTimestamps=[["project","1970-01-01T00:00:00.000Z"]]
[2026-08-17T08:28:44.229Z] checkResumeConsistency: injecting 1 diff notification(s)
[2026-08-17T08:28:44.229Z] injectForgedHistory: role=user preview="[agent-auto] [memory-update 2026-08-17 15:22:59] project memory file has been mo"
[2026-08-17T08:28:44.272Z] injectForgedHistory: recordMessage persisted
[2026-08-17T08:28:44.273Z] LiveUpdateForge: session reset, allowLiveUpdate = false
[2026-08-17T08:28:44.273Z] NudgeForge: ResumeComplete — restoring count from history
[2026-08-17T08:28:44.275Z] restoreNudgeCountFromHistory: found last write at idx=1373 count=46
[2026-08-17T08:28:46.261Z] LiveUpdateForge: allowLiveUpdate = true (first real BeforeSend)
[2026-08-17T08:28:46.262Z] InitialReadForge.onBeforeSend: SKIP (fr=false syn=false hasRead=true)
[2026-08-17T08:29:26.744Z] LiveUpdateForge: EndTurn fallback flush
[2026-08-17T08:29:26.745Z] onEndTurn: naturalStop=false toolCalls=46 nudgeMsg=no
[2026-08-17T08:30:29.088Z] LiveUpdateForge: AfterToolExec flush
[2026-08-17T08:30:29.705Z] InitialReadForge.onBeforeSend: SKIP (fr=true syn=false hasRead=true)
[2026-08-17T08:30:39.657Z] LiveUpdateForge: EndTurn fallback flush
[2026-08-17T08:30:39.657Z] onEndTurn: naturalStop=false toolCalls=47 nudgeMsg=no
[2026-08-17T08:30:47.984Z] LiveUpdateForge: AfterToolExec flush
[2026-08-17T08:30:48.048Z] InitialReadForge.onBeforeSend: SKIP (fr=true syn=false hasRead=true)
[2026-08-17T08:30:54.956Z] LiveUpdateForge: EndTurn fallback flush
[2026-08-17T08:30:54.957Z] onEndTurn: naturalStop=true toolCalls=48 nudgeMsg=no
[2026-08-17T08:32:01.875Z] ResumeDiffForge: running checkResumeConsistency
[2026-08-17T08:32:01.877Z] checkResumeConsistency: forgedTimestamps=[["project","1970-01-01T00:00:00.000Z"]]
[2026-08-17T08:32:01.900Z] checkResumeConsistency: injecting 1 diff notification(s)
[2026-08-17T08:32:01.901Z] injectForgedHistory: role=user preview="[agent-auto] [memory-update 2026-08-17 15:22:59] project memory file has been mo"
[2026-08-17T08:32:01.943Z] injectForgedHistory: recordMessage persisted
[2026-08-17T08:32:01.943Z] LiveUpdateForge: session reset, allowLiveUpdate = false
[2026-08-17T08:32:01.944Z] NudgeForge: ResumeComplete — restoring count from history
[2026-08-17T08:32:01.945Z] restoreNudgeCountFromHistory: found last write at idx=1373 count=48
[2026-08-17T08:32:02.094Z] LiveUpdateForge: allowLiveUpdate = true (first real BeforeSend)
[2026-08-17T08:32:02.096Z] InitialReadForge.onBeforeSend: SKIP (fr=false syn=false hasRead=true)
[2026-08-17T08:32:12.542Z] LiveUpdateForge: EndTurn fallback flush
[2026-08-17T08:32:12.543Z] onEndTurn: naturalStop=false toolCalls=48 nudgeMsg=no
[2026-08-17T08:32:18.193Z] LiveUpdateForge: AfterToolExec flush
[2026-08-17T08:32:18.241Z] InitialReadForge.onBeforeSend: SKIP (fr=true syn=false hasRead=true)
[2026-08-17T08:32:24.829Z] LiveUpdateForge: EndTurn fallback flush
[2026-08-17T08:32:24.829Z] onEndTurn: naturalStop=false toolCalls=49 nudgeMsg=no
[2026-08-17T08:32:25.178Z] LiveUpdateForge: AfterToolExec flush
[2026-08-17T08:32:25.232Z] InitialReadForge.onBeforeSend: SKIP (fr=true syn=false hasRead=true)
[2026-08-17T08:32:45.688Z] LiveUpdateForge: EndTurn fallback flush
[2026-08-17T08:32:45.689Z] onEndTurn: naturalStop=false toolCalls=50 nudgeMsg=no
[2026-08-17T08:32:46.020Z] LiveUpdateForge: AfterToolExec flush
[2026-08-17T08:32:46.077Z] InitialReadForge.onBeforeSend: SKIP (fr=true syn=false hasRead=true)
[2026-08-17T08:32:50.391Z] LiveUpdateForge: EndTurn fallback flush
[2026-08-17T08:32:50.391Z] onEndTurn: naturalStop=false toolCalls=51 nudgeMsg=no
[2026-08-17T08:32:50.473Z] LiveUpdateForge: AfterToolExec flush
[2026-08-17T08:32:50.522Z] InitialReadForge.onBeforeSend: SKIP (fr=true syn=false hasRead=true)
[2026-08-17T08:32:54.577Z] LiveUpdateForge: EndTurn fallback flush
[2026-08-17T08:32:54.578Z] onEndTurn: naturalStop=false toolCalls=52 nudgeMsg=no
[2026-08-17T08:33:07.358Z] LiveUpdateForge: AfterToolExec flush
[2026-08-17T08:33:07.415Z] InitialReadForge.onBeforeSend: SKIP (fr=true syn=false hasRead=true)
[2026-08-17T08:33:11.027Z] LiveUpdateForge: EndTurn fallback flush
[2026-08-17T08:33:11.028Z] onEndTurn: naturalStop=false toolCalls=53 nudgeMsg=no
[2026-08-17T08:33:11.488Z] LiveUpdateForge: AfterToolExec flush
[2026-08-17T08:33:11.542Z] InitialReadForge.onBeforeSend: SKIP (fr=true syn=false hasRead=true)
[2026-08-17T08:33:15.234Z] LiveUpdateForge: EndTurn fallback flush
[2026-08-17T08:33:15.235Z] onEndTurn: naturalStop=false toolCalls=54 nudgeMsg=no
[2026-08-17T08:37:25.330Z] LiveUpdateForge: AfterToolExec flush
[2026-08-17T08:37:25.385Z] InitialReadForge.onBeforeSend: SKIP (fr=true syn=false hasRead=true)
[2026-08-17T08:37:32.319Z] LiveUpdateForge: EndTurn fallback flush
[2026-08-17T08:37:32.319Z] onEndTurn: naturalStop=true toolCalls=0 nudgeMsg=YES
[2026-08-17T08:37:32.327Z] InitialReadForge.onBeforeSend: SKIP (fr=false syn=false hasRead=true)
[2026-08-17T08:37:37.952Z] LiveUpdateForge: EndTurn fallback flush
[2026-08-17T08:37:37.952Z] onEndTurn: naturalStop=true toolCalls=0 nudgeMsg=no
[2026-08-17T08:38:17.557Z] ResumeDiffForge: running checkResumeConsistency
[2026-08-17T08:38:17.559Z] checkResumeConsistency: forgedTimestamps=[["project","1970-01-01T00:00:00.000Z"]]
[2026-08-17T08:38:17.577Z] checkResumeConsistency: injecting 1 diff notification(s)
[2026-08-17T08:38:17.578Z] injectForgedHistory: role=user preview="[agent-auto] [memory-update 2026-08-17 15:22:59] project memory file has been mo"
[2026-08-17T08:38:17.620Z] injectForgedHistory: recordMessage persisted
[2026-08-17T08:38:17.621Z] LiveUpdateForge: session reset, allowLiveUpdate = false
[2026-08-17T08:38:17.622Z] NudgeForge: ResumeComplete — restoring count from history
[2026-08-17T08:38:17.623Z] restoreNudgeCountFromHistory: found nudge message at idx=1510 count=0
[2026-08-17T08:38:17.737Z] LiveUpdateForge: allowLiveUpdate = true (first real BeforeSend)
[2026-08-17T08:38:17.738Z] InitialReadForge.onBeforeSend: SKIP (fr=false syn=false hasRead=true)
[2026-08-17T08:38:25.378Z] LiveUpdateForge: EndTurn fallback flush
[2026-08-17T08:38:25.379Z] onEndTurn: naturalStop=false toolCalls=0 nudgeMsg=no
[2026-08-17T08:38:25.873Z] LiveUpdateForge: AfterToolExec flush
[2026-08-17T08:38:25.926Z] InitialReadForge.onBeforeSend: SKIP (fr=true syn=false hasRead=true)
[2026-08-17T08:38:29.508Z] LiveUpdateForge: EndTurn fallback flush
[2026-08-17T08:38:29.509Z] onEndTurn: naturalStop=false toolCalls=1 nudgeMsg=no
[2026-08-17T08:38:29.861Z] LiveUpdateForge: AfterToolExec flush
[2026-08-17T08:38:29.919Z] InitialReadForge.onBeforeSend: SKIP (fr=true syn=false hasRead=true)
[2026-08-17T08:38:33.630Z] LiveUpdateForge: EndTurn fallback flush
[2026-08-17T08:38:33.631Z] onEndTurn: naturalStop=false toolCalls=2 nudgeMsg=no
[2026-08-17T08:38:34.031Z] LiveUpdateForge: AfterToolExec flush
[2026-08-17T08:38:34.087Z] InitialReadForge.onBeforeSend: SKIP (fr=true syn=false hasRead=true)
[2026-08-17T08:38:37.733Z] LiveUpdateForge: EndTurn fallback flush
[2026-08-17T08:38:37.734Z] onEndTurn: naturalStop=false toolCalls=3 nudgeMsg=no
[2026-08-17T08:38:38.132Z] LiveUpdateForge: AfterToolExec flush
[2026-08-17T08:38:38.183Z] InitialReadForge.onBeforeSend: SKIP (fr=true syn=false hasRead=true)
[2026-08-17T08:38:48.172Z] LiveUpdateForge: EndTurn fallback flush
[2026-08-17T08:38:48.172Z] onEndTurn: naturalStop=false toolCalls=4 nudgeMsg=no
[2026-08-17T08:38:48.228Z] LiveUpdateForge: AfterToolExec flush
[2026-08-17T08:38:48.283Z] InitialReadForge.onBeforeSend: SKIP (fr=true syn=false hasRead=true)
[2026-08-17T08:38:52.455Z] LiveUpdateForge: EndTurn fallback flush
[2026-08-17T08:38:52.456Z] onEndTurn: naturalStop=false toolCalls=5 nudgeMsg=no
[2026-08-17T08:39:00.213Z] LiveUpdateForge: AfterToolExec flush
[2026-08-17T08:39:00.272Z] InitialReadForge.onBeforeSend: SKIP (fr=true syn=false hasRead=true)
[2026-08-17T08:39:06.915Z] LiveUpdateForge: EndTurn fallback flush
[2026-08-17T08:39:06.916Z] onEndTurn: naturalStop=true toolCalls=6 nudgeMsg=no
[2026-08-17T08:39:37.729Z] ResumeDiffForge: running checkResumeConsistency
[2026-08-17T08:39:37.731Z] checkResumeConsistency: forgedTimestamps=[["project","1970-01-01T00:00:00.000Z"]]
[2026-08-17T08:39:37.750Z] checkResumeConsistency: injecting 1 diff notification(s)
[2026-08-17T08:39:37.751Z] injectForgedHistory: role=user preview="[agent-auto] [memory-update 2026-08-17 15:22:59] project memory file has been mo"
[2026-08-17T08:39:37.791Z] injectForgedHistory: recordMessage persisted
[2026-08-17T08:39:37.791Z] LiveUpdateForge: session reset, allowLiveUpdate = false
[2026-08-17T08:39:37.792Z] NudgeForge: ResumeComplete — restoring count from history
[2026-08-17T08:39:37.793Z] restoreNudgeCountFromHistory: found nudge message at idx=1510 count=6
[2026-08-17T08:39:37.894Z] LiveUpdateForge: allowLiveUpdate = true (first real BeforeSend)
[2026-08-17T08:39:37.895Z] InitialReadForge.onBeforeSend: SKIP (fr=false syn=false hasRead=true)
[2026-08-17T08:39:43.518Z] LiveUpdateForge: EndTurn fallback flush
[2026-08-17T08:39:43.518Z] onEndTurn: naturalStop=false toolCalls=6 nudgeMsg=no
[2026-08-17T08:39:43.904Z] LiveUpdateForge: AfterToolExec flush
[2026-08-17T08:39:43.957Z] InitialReadForge.onBeforeSend: SKIP (fr=true syn=false hasRead=true)
[2026-08-17T08:40:11.311Z] LiveUpdateForge: EndTurn fallback flush
[2026-08-17T08:40:11.311Z] onEndTurn: naturalStop=false toolCalls=7 nudgeMsg=no
[2026-08-17T08:40:11.580Z] LiveUpdateForge: AfterToolExec flush
[2026-08-17T08:40:11.639Z] InitialReadForge.onBeforeSend: SKIP (fr=true syn=false hasRead=true)
[2026-08-17T08:40:23.087Z] LiveUpdateForge: EndTurn fallback flush
[2026-08-17T08:40:23.087Z] onEndTurn: naturalStop=false toolCalls=8 nudgeMsg=no
[2026-08-17T08:40:23.396Z] LiveUpdateForge: AfterToolExec flush
[2026-08-17T08:40:23.461Z] InitialReadForge.onBeforeSend: SKIP (fr=true syn=false hasRead=true)
[2026-08-17T08:40:26.919Z] LiveUpdateForge: EndTurn fallback flush
[2026-08-17T08:40:26.919Z] onEndTurn: naturalStop=false toolCalls=9 nudgeMsg=no
[2026-08-17T08:40:26.934Z] LiveUpdateForge: AfterToolExec flush
[2026-08-17T08:40:26.993Z] InitialReadForge.onBeforeSend: SKIP (fr=true syn=false hasRead=true)
[2026-08-17T08:40:32.756Z] LiveUpdateForge: EndTurn fallback flush
[2026-08-17T08:40:32.757Z] onEndTurn: naturalStop=false toolCalls=10 nudgeMsg=no
[2026-08-17T08:40:32.904Z] LiveUpdateForge: AfterToolExec flush
[2026-08-17T08:40:32.973Z] InitialReadForge.onBeforeSend: SKIP (fr=true syn=false hasRead=true)
[2026-08-17T08:40:36.828Z] LiveUpdateForge: EndTurn fallback flush
[2026-08-17T08:40:36.829Z] onEndTurn: naturalStop=false toolCalls=11 nudgeMsg=no
[2026-08-17T08:40:48.792Z] LiveUpdateForge: AfterToolExec flush
[2026-08-17T08:40:48.849Z] InitialReadForge.onBeforeSend: SKIP (fr=true syn=false hasRead=true)
[2026-08-17T08:40:53.245Z] LiveUpdateForge: EndTurn fallback flush
[2026-08-17T08:40:53.246Z] onEndTurn: naturalStop=true toolCalls=12 nudgeMsg=no
[2026-08-17T08:57:32.010Z] MemoryForge: attached 5 listener(s)
[2026-08-17T08:57:32.011Z] InitialReadForge: armed one-shot BeforeSend after NewSessionStart
[2026-08-17T08:57:32.012Z] LiveUpdateForge: session reset, allowLiveUpdate = false
[2026-08-17T09:25:19.263Z] LiveUpdateForge: session reset, allowLiveUpdate = false
[2026-08-17T09:25:20.590Z] ResumeDiffForge: running checkResumeConsistency
[2026-08-17T09:25:20.639Z] checkResumeConsistency: forgedTimestamps=[["project","1970-01-01T00:00:00.000Z"]]
[2026-08-17T09:25:21.708Z] checkResumeConsistency: injecting 1 diff notification(s)
[2026-08-17T09:25:21.710Z] injectForgedHistory: role=user preview="[agent-auto] [memory-update 2026-08-17 15:22:59] project memory file has been mo"
[2026-08-17T09:25:21.710Z] injectForgedHistory: recordMessage persisted
[2026-08-17T09:25:21.711Z] LiveUpdateForge: session reset, allowLiveUpdate = false
[2026-08-17T09:25:21.711Z] NudgeForge: ResumeComplete — restoring count from history
[2026-08-17T09:25:21.719Z] restoreNudgeCountFromHistory: found nudge message at idx=1510 count=12
