[2026-08-19T05:28:34.091Z] MemoryForge: attached 5 listener(s)
[2026-08-19T05:28:34.092Z] InitialReadForge: armed one-shot BeforeSend after NewSessionStart
[2026-08-19T05:28:34.093Z] LiveUpdateForge: session reset, allowLiveUpdate = false
[2026-08-19T05:28:37.321Z] MemoryForge: attached 5 listener(s)
[2026-08-19T05:28:37.321Z] InitialReadForge: armed one-shot BeforeSend after NewSessionStart
[2026-08-19T05:28:37.322Z] LiveUpdateForge: session reset, allowLiveUpdate = false
[2026-08-19T05:29:07.071Z] MemoryForge: attached 5 listener(s)
[2026-08-19T05:29:07.071Z] InitialReadForge: armed one-shot BeforeSend after NewSessionStart
[2026-08-19T05:29:07.073Z] LiveUpdateForge: session reset, allowLiveUpdate = false
[2026-08-19T05:49:51.278Z] LiveUpdateForge: session reset, allowLiveUpdate = false
[2026-08-19T05:50:13.761Z] ResumeDiffForge: running checkResumeConsistency
[2026-08-19T05:50:17.928Z] checkResumeConsistency: forgedTimestamps=[["project","1970-01-01T00:00:00.000Z"]]
[2026-08-19T05:50:44.586Z] checkResumeConsistency: injecting 1 diff notification(s)
[2026-08-19T05:50:45.018Z] injectForgedHistory: role=user preview="[agent-auto] [memory-update 2026-08-17 15:22:59] project memory file has been mo"
[2026-08-19T05:50:45.777Z] injectForgedHistory: recordMessage persisted
[2026-08-19T05:50:46.488Z] LiveUpdateForge: session reset, allowLiveUpdate = false
[2026-08-19T05:50:48.226Z] NudgeForge: ResumeComplete — restoring count from history
[2026-08-19T05:50:52.005Z] restoreNudgeCountFromHistory: found nudge message at idx=1510 count=12
[2026-08-19T05:58:47.986Z] ResumeDiffForge: running checkResumeConsistency
[2026-08-19T05:58:48.337Z] checkResumeConsistency: forgedTimestamps=[["project","1970-01-01T00:00:00.000Z"]]
[2026-08-19T05:58:49.195Z] checkResumeConsistency: injecting 1 diff notification(s)
[2026-08-19T05:58:49.196Z] injectForgedHistory: role=user preview="[agent-auto] [memory-update 2026-08-17 15:22:59] project memory file has been mo"
[2026-08-19T05:58:49.243Z] injectForgedHistory: recordMessage persisted
[2026-08-19T05:58:49.243Z] LiveUpdateForge: session reset, allowLiveUpdate = false
[2026-08-19T05:58:49.244Z] NudgeForge: ResumeComplete — restoring count from history
[2026-08-19T05:58:49.245Z] restoreNudgeCountFromHistory: found nudge message at idx=1510 count=12
[2026-08-19T05:59:04.938Z] MemoryForge: attached 5 listener(s)
[2026-08-19T05:59:04.938Z] InitialReadForge: armed one-shot BeforeSend after NewSessionStart
[2026-08-19T05:59:04.939Z] LiveUpdateForge: session reset, allowLiveUpdate = false
[2026-08-19T06:11:10.198Z] MemoryForge: attached 5 listener(s)
[2026-08-19T06:11:10.199Z] InitialReadForge: armed one-shot BeforeSend after NewSessionStart
[2026-08-19T06:11:10.200Z] LiveUpdateForge: session reset, allowLiveUpdate = false
[2026-08-19T07:06:14.212Z] MemoryForge: attached 5 listener(s)
[2026-08-19T07:06:14.223Z] InitialReadForge: armed one-shot BeforeSend after NewSessionStart
[2026-08-19T07:06:14.223Z] LiveUpdateForge: session reset, allowLiveUpdate = false
[2026-08-19T07:06:16.848Z] MemoryForge: attached 5 listener(s)
[2026-08-19T07:06:16.849Z] InitialReadForge: armed one-shot BeforeSend after NewSessionStart
[2026-08-19T07:06:16.849Z] LiveUpdateForge: session reset, allowLiveUpdate = false
[2026-08-19T07:06:49.781Z] MemoryForge: attached 5 listener(s)
[2026-08-19T07:06:49.782Z] InitialReadForge: armed one-shot BeforeSend after NewSessionStart
[2026-08-19T07:06:49.782Z] LiveUpdateForge: session reset, allowLiveUpdate = false
[2026-08-19T07:17:31.420Z] LiveUpdateForge: session reset, allowLiveUpdate = false
[2026-08-19T07:17:35.049Z] ResumeDiffForge: running checkResumeConsistency
[2026-08-19T07:17:35.051Z] checkResumeConsistency: forgedTimestamps=[["project","1970-01-01T00:00:00.000Z"]]
[2026-08-19T07:17:39.315Z] checkResumeConsistency: injecting 1 diff notification(s)
[2026-08-19T07:17:39.342Z] injectForgedHistory: role=user preview="[agent-auto] [memory-update 2026-08-17 15:22:59] project memory file has been mo"
[2026-08-19T07:17:39.344Z] injectForgedHistory: recordMessage persisted
[2026-08-19T07:17:39.344Z] LiveUpdateForge: session reset, allowLiveUpdate = false
[2026-08-19T07:17:39.345Z] NudgeForge: ResumeComplete — restoring count from history
[2026-08-19T07:17:39.467Z] restoreNudgeCountFromHistory: found nudge message at idx=1510 count=12
[2026-08-19T07:25:11.208Z] MemoryForge: attached 5 listener(s)
[2026-08-19T07:25:11.209Z] InitialReadForge: armed one-shot BeforeSend after NewSessionStart
[2026-08-19T07:25:11.210Z] LiveUpdateForge: session reset, allowLiveUpdate = false
[2026-08-19T07:29:49.471Z] LiveUpdateForge: session reset, allowLiveUpdate = false
[2026-08-19T07:29:51.460Z] ResumeDiffForge: running checkResumeConsistency
[2026-08-19T07:29:51.636Z] checkResumeConsistency: forgedTimestamps=[["project","1970-01-01T00:00:00.000Z"]]
[2026-08-19T07:29:55.312Z] checkResumeConsistency: injecting 1 diff notification(s)
[2026-08-19T07:29:55.426Z] injectForgedHistory: role=user preview="[agent-auto] [memory-update 2026-08-17 15:22:59] project memory file has been mo"
[2026-08-19T07:29:55.578Z] injectForgedHistory: recordMessage persisted
[2026-08-19T07:29:55.579Z] LiveUpdateForge: session reset, allowLiveUpdate = false
[2026-08-19T07:29:55.579Z] NudgeForge: ResumeComplete — restoring count from history
[2026-08-19T07:29:55.774Z] restoreNudgeCountFromHistory: found nudge message at idx=1510 count=12
[2026-08-19T07:32:28.250Z] ResumeDiffForge: running checkResumeConsistency
[2026-08-19T07:32:28.252Z] checkResumeConsistency: forgedTimestamps=[["project","1970-01-01T00:00:00.000Z"]]
[2026-08-19T07:32:28.279Z] checkResumeConsistency: injecting 1 diff notification(s)
[2026-08-19T07:32:28.279Z] injectForgedHistory: role=user preview="[agent-auto] [memory-update 2026-08-17 15:22:59] project memory file has been mo"
[2026-08-19T07:32:28.320Z] injectForgedHistory: recordMessage persisted
[2026-08-19T07:32:28.321Z] LiveUpdateForge: session reset, allowLiveUpdate = false
[2026-08-19T07:32:28.321Z] NudgeForge: ResumeComplete — restoring count from history
[2026-08-19T07:32:28.322Z] restoreNudgeCountFromHistory: found nudge message at idx=1510 count=12
[2026-08-19T07:32:28.889Z] ResumeDiffForge: running checkResumeConsistency
[2026-08-19T07:32:28.890Z] checkResumeConsistency: forgedTimestamps=[["project","1970-01-01T00:00:00.000Z"]]
[2026-08-19T07:32:29.025Z] checkResumeConsistency: injecting 1 diff notification(s)
[2026-08-19T07:32:29.182Z] injectForgedHistory: role=user preview="[agent-auto] [memory-update 2026-08-17 15:22:59] project memory file has been mo"
[2026-08-19T07:32:29.238Z] injectForgedHistory: recordMessage persisted
[2026-08-19T07:32:29.239Z] LiveUpdateForge: session reset, allowLiveUpdate = false
[2026-08-19T07:32:29.239Z] NudgeForge: ResumeComplete — restoring count from history
[2026-08-19T07:32:29.240Z] restoreNudgeCountFromHistory: found nudge message at idx=1510 count=12
[2026-08-19T07:32:31.086Z] MemoryForge: attached 5 listener(s)
[2026-08-19T07:32:31.087Z] InitialReadForge: armed one-shot BeforeSend after NewSessionStart
[2026-08-19T07:32:31.087Z] LiveUpdateForge: session reset, allowLiveUpdate = false
[2026-08-19T07:32:31.112Z] MemoryForge: detached all listeners
[2026-08-19T07:32:31.113Z] ResumeDiffForge: running checkResumeConsistency
[2026-08-19T07:32:31.114Z] checkResumeConsistency: forgedTimestamps=[["project","1970-01-01T00:00:00.000Z"]]
[2026-08-19T07:32:31.263Z] checkResumeConsistency: injecting 1 diff notification(s)
[2026-08-19T07:32:31.263Z] injectForgedHistory: role=user preview="[agent-auto] [memory-update 2026-08-17 15:22:59] project memory file has been mo"
[2026-08-19T07:32:31.309Z] injectForgedHistory: recordMessage persisted
[2026-08-19T07:32:31.309Z] LiveUpdateForge: session reset, allowLiveUpdate = false
[2026-08-19T07:32:31.310Z] NudgeForge: ResumeComplete — restoring count from history
[2026-08-19T07:32:31.311Z] restoreNudgeCountFromHistory: found nudge message at idx=1510 count=12
[2026-08-19T07:32:31.874Z] LiveUpdateForge: allowLiveUpdate = true (first real BeforeSend)
[2026-08-19T07:32:31.875Z] InitialReadForge.onBeforeSend: SKIP (fr=false syn=false hasRead=true)
[2026-08-19T07:33:10.509Z] LiveUpdateForge: EndTurn fallback flush
[2026-08-19T07:33:10.509Z] onEndTurn: naturalStop=false toolCalls=12 nudgeMsg=no
[2026-08-19T07:33:10.805Z] LiveUpdateForge: AfterToolExec flush
[2026-08-19T07:33:10.907Z] InitialReadForge.onBeforeSend: SKIP (fr=true syn=false hasRead=true)
[2026-08-19T07:33:14.613Z] LiveUpdateForge: EndTurn fallback flush
[2026-08-19T07:33:14.613Z] onEndTurn: naturalStop=false toolCalls=13 nudgeMsg=no
[2026-08-19T07:33:16.848Z] LiveUpdateForge: AfterToolExec flush
[2026-08-19T07:33:16.950Z] InitialReadForge.onBeforeSend: SKIP (fr=true syn=false hasRead=true)
[2026-08-19T07:33:21.771Z] LiveUpdateForge: EndTurn fallback flush
[2026-08-19T07:33:21.772Z] onEndTurn: naturalStop=false toolCalls=14 nudgeMsg=no
[2026-08-19T07:33:21.794Z] LiveUpdateForge: AfterToolExec flush
[2026-08-19T07:33:21.919Z] InitialReadForge.onBeforeSend: SKIP (fr=true syn=false hasRead=true)
[2026-08-19T07:33:25.817Z] LiveUpdateForge: EndTurn fallback flush
[2026-08-19T07:33:25.817Z] onEndTurn: naturalStop=false toolCalls=15 nudgeMsg=no
[2026-08-19T07:33:31.136Z] LiveUpdateForge: AfterToolExec flush
[2026-08-19T07:33:31.190Z] InitialReadForge.onBeforeSend: SKIP (fr=true syn=false hasRead=true)
[2026-08-19T07:33:34.870Z] LiveUpdateForge: EndTurn fallback flush
[2026-08-19T07:33:34.871Z] onEndTurn: naturalStop=false toolCalls=16 nudgeMsg=no
[2026-08-19T07:33:34.934Z] InitialReadForge.onBeforeSend: SKIP (fr=true syn=false hasRead=true)
[2026-08-19T07:33:39.657Z] LiveUpdateForge: EndTurn fallback flush
[2026-08-19T07:33:39.658Z] onEndTurn: naturalStop=false toolCalls=16 nudgeMsg=no
[2026-08-19T07:33:39.901Z] LiveUpdateForge: AfterToolExec flush
[2026-08-19T07:33:39.948Z] InitialReadForge.onBeforeSend: SKIP (fr=true syn=false hasRead=true)
[2026-08-19T07:34:21.911Z] LiveUpdateForge: EndTurn fallback flush
[2026-08-19T07:34:21.911Z] onEndTurn: naturalStop=false toolCalls=17 nudgeMsg=no
[2026-08-19T07:37:23.552Z] LiveUpdateForge: AfterToolExec flush
[2026-08-19T07:37:23.606Z] InitialReadForge.onBeforeSend: SKIP (fr=true syn=false hasRead=true)
[2026-08-19T07:37:32.069Z] LiveUpdateForge: EndTurn fallback flush
[2026-08-19T07:37:32.070Z] onEndTurn: naturalStop=true toolCalls=18 nudgeMsg=no
